Component: ARM Compiler 5.06 update 7 (build 960) Tool: armlink [4d3601]

==============================================================================

Section Cross References

    startup_stm32f407xx.o(STACK) refers (Special) to heapauxi.o(.text) for __use_two_region_memory
    startup_stm32f407xx.o(HEAP) refers (Special) to heapauxi.o(.text) for __use_two_region_memory
    startup_stm32f407xx.o(RESET) refers (Special) to heapauxi.o(.text) for __use_two_region_memory
    startup_stm32f407xx.o(RESET) refers to startup_stm32f407xx.o(STACK) for __initial_sp
    startup_stm32f407xx.o(RESET) refers to startup_stm32f407xx.o(.text) for Reset_Handler
    startup_stm32f407xx.o(RESET) refers to stm32f4xx_it.o(i.NMI_Handler) for NMI_Handler
    startup_stm32f407xx.o(RESET) refers to stm32f4xx_it.o(i.HardFault_Handler) for HardFault_Handler
    startup_stm32f407xx.o(RESET) refers to stm32f4xx_it.o(i.MemManage_Handler) for MemManage_Handler
    startup_stm32f407xx.o(RESET) refers to stm32f4xx_it.o(i.BusFault_Handler) for BusFault_Handler
    startup_stm32f407xx.o(RESET) refers to stm32f4xx_it.o(i.UsageFault_Handler) for UsageFault_Handler
    startup_stm32f407xx.o(RESET) refers to port.o(.emb_text) for SVC_Handler
    startup_stm32f407xx.o(RESET) refers to stm32f4xx_it.o(i.DebugMon_Handler) for DebugMon_Handler
    startup_stm32f407xx.o(RESET) refers to stm32f4xx_it.o(i.SysTick_Handler) for SysTick_Handler
    startup_stm32f407xx.o(RESET) refers to stm32f4xx_it.o(i.EXTI0_IRQHandler) for EXTI0_IRQHandler
    startup_stm32f407xx.o(RESET) refers to stm32f4xx_it.o(i.EXTI3_IRQHandler) for EXTI3_IRQHandler
    startup_stm32f407xx.o(RESET) refers to stm32f4xx_it.o(i.EXTI4_IRQHandler) for EXTI4_IRQHandler
    startup_stm32f407xx.o(RESET) refers to stm32f4xx_it.o(i.DMA1_Stream1_IRQHandler) for DMA1_Stream1_IRQHandler
    startup_stm32f407xx.o(RESET) refers to stm32f4xx_it.o(i.CAN1_RX0_IRQHandler) for CAN1_RX0_IRQHandler
    startup_stm32f407xx.o(RESET) refers to stm32f4xx_it.o(i.EXTI9_5_IRQHandler) for EXTI9_5_IRQHandler
    startup_stm32f407xx.o(RESET) refers to stm32f4xx_it.o(i.USART1_IRQHandler) for USART1_IRQHandler
    startup_stm32f407xx.o(RESET) refers to stm32f4xx_it.o(i.USART3_IRQHandler) for USART3_IRQHandler
    startup_stm32f407xx.o(RESET) refers to stm32f4xx_it.o(i.DMA2_Stream1_IRQHandler) for DMA2_Stream1_IRQHandler
    startup_stm32f407xx.o(RESET) refers to ins_task.o(i.DMA2_Stream2_IRQHandler) for DMA2_Stream2_IRQHandler
    startup_stm32f407xx.o(RESET) refers to stm32f4xx_it.o(i.DMA2_Stream3_IRQHandler) for DMA2_Stream3_IRQHandler
    startup_stm32f407xx.o(RESET) refers to stm32f4xx_it.o(i.CAN2_RX0_IRQHandler) for CAN2_RX0_IRQHandler
    startup_stm32f407xx.o(RESET) refers to stm32f4xx_it.o(i.USART6_IRQHandler) for USART6_IRQHandler
    startup_stm32f407xx.o(.text) refers (Special) to heapauxi.o(.text) for __use_two_region_memory
    startup_stm32f407xx.o(.text) refers to system_stm32f4xx.o(i.SystemInit) for SystemInit
    startup_stm32f407xx.o(.text) refers to __main.o(!!!main) for __main
    startup_stm32f407xx.o(.text) refers to startup_stm32f407xx.o(HEAP) for Heap_Mem
    startup_stm32f407xx.o(.text) refers to startup_stm32f407xx.o(STACK) for Stack_Mem
    main.o(i.SystemClock_Config) refers to rt_memclr_w.o(.text) for __aeabi_memclr4
    main.o(i.SystemClock_Config) refers to stm32f4xx_hal_rcc.o(i.HAL_RCC_OscConfig) for HAL_RCC_OscConfig
    main.o(i.SystemClock_Config) refers to stm32f4xx_hal_rcc.o(i.HAL_RCC_ClockConfig) for HAL_RCC_ClockConfig
    main.o(i.main) refers to stm32f4xx_hal.o(i.HAL_Init) for HAL_Init
    main.o(i.main) refers to main.o(i.SystemClock_Config) for SystemClock_Config
    main.o(i.main) refers to gpio.o(i.MX_GPIO_Init) for MX_GPIO_Init
    main.o(i.main) refers to dma.o(i.MX_DMA_Init) for MX_DMA_Init
    main.o(i.main) refers to tim.o(i.MX_TIM1_Init) for MX_TIM1_Init
    main.o(i.main) refers to spi.o(i.MX_SPI1_Init) for MX_SPI1_Init
    main.o(i.main) refers to i2c.o(i.MX_I2C3_Init) for MX_I2C3_Init
    main.o(i.main) refers to tim.o(i.MX_TIM10_Init) for MX_TIM10_Init
    main.o(i.main) refers to tim.o(i.MX_TIM4_Init) for MX_TIM4_Init
    main.o(i.main) refers to usart.o(i.MX_USART1_UART_Init) for MX_USART1_UART_Init
    main.o(i.main) refers to stm32f4xx_hal_tim.o(i.HAL_TIM_Base_Start) for HAL_TIM_Base_Start
    main.o(i.main) refers to stm32f4xx_hal_tim.o(i.HAL_TIM_PWM_Start) for HAL_TIM_PWM_Start
    main.o(i.main) refers to bsp_delay.o(i.delay_init) for delay_init
    main.o(i.main) refers to freertos.o(i.MX_FREERTOS_Init) for MX_FREERTOS_Init
    main.o(i.main) refers to cmsis_os.o(i.osKernelStart) for osKernelStart
    main.o(i.main) refers to tim.o(.bss) for htim1
    gpio.o(i.MX_GPIO_Init) refers to rt_memclr_w.o(.text) for __aeabi_memclr4
    gpio.o(i.MX_GPIO_Init) refers to stm32f4xx_hal_gpio.o(i.HAL_GPIO_WritePin) for HAL_GPIO_WritePin
    gpio.o(i.MX_GPIO_Init) refers to stm32f4xx_hal_gpio.o(i.HAL_GPIO_Init) for HAL_GPIO_Init
[...]
    __rt_lib_init_exceptions_1               0x08000243   Thumb Code     0  libinit2.o(.ARM.Collect$$libinit$$00000030)
    __rt_lib_init_fp_trap_1                  0x08000243   Thumb Code     0  libinit2.o(.ARM.Collect$$libinit$$0000001F)
    __rt_lib_init_getenv_1                   0x08000243   Thumb Code     0  libinit2.o(.ARM.Collect$$libinit$$00000023)
    __rt_lib_init_heap_1                     0x08000243   Thumb Code     0  libinit2.o(.ARM.Collect$$libinit$$0000000A)
    __rt_lib_init_lc_collate_1               0x08000243   Thumb Code     0  libinit2.o(.ARM.Collect$$libinit$$00000011)
    __rt_lib_init_lc_ctype_1                 0x08000243   Thumb Code     0  libinit2.o(.ARM.Collect$$libinit$$00000013)
    __rt_lib_init_lc_monetary_1              0x08000243   Thumb Code     0  libinit2.o(.ARM.Collect$$libinit$$00000015)
    __rt_lib_init_lc_numeric_1               0x08000243   Thumb Code     0  libinit2.o(.ARM.Collect$$libinit$$00000017)
    __rt_lib_init_lc_time_1                  0x08000243   Thumb Code     0  libinit2.o(.ARM.Collect$$libinit$$00000019)
    __rt_lib_init_preinit_1                  0x08000243   Thumb Code     0  libinit2.o(.ARM.Collect$$libinit$$00000004)
    __rt_lib_init_rand_1                     0x08000243   Thumb Code     0  libinit2.o(.ARM.Collect$$libinit$$0000000E)
    __rt_lib_init_return                     0x08000243   Thumb Code     0  libinit2.o(.ARM.Collect$$libinit$$00000033)
    __rt_lib_init_signal_1                   0x08000243   Thumb Code     0  libinit2.o(.ARM.Collect$$libinit$$0000001D)
    __rt_lib_init_stdio_1                    0x08000243   Thumb Code     0  libinit2.o(.ARM.Collect$$libinit$$00000025)
    __rt_lib_init_user_alloc_1               0x08000243   Thumb Code     0  libinit2.o(.ARM.Collect$$libinit$$0000000C)
    __rt_lib_shutdown                        0x08000245   Thumb Code     0  libshutdown.o(.ARM.Collect$$libshutdown$$00000000)
    __rt_lib_shutdown_cpp_1                  0x08000247   Thumb Code     0  libshutdown2.o(.ARM.Collect$$libshutdown$$00000004)
    __rt_lib_shutdown_fini_1                 0x08000247   Thumb Code     0  libshutdown2.o(.ARM.Collect$$libshutdown$$00000002)
    __rt_lib_shutdown_fp_trap_1              0x08000247   Thumb Code     0  libshutdown2.o(.ARM.Collect$$libshutdown$$00000009)
    __rt_lib_shutdown_heap_1                 0x08000247   Thumb Code     0  libshutdown2.o(.ARM.Collect$$libshutdown$$00000011)
    __rt_lib_shutdown_return                 0x08000247   Thumb Code     0  libshutdown2.o(.ARM.Collect$$libshutdown$$00000012)
    __rt_lib_shutdown_signal_1               0x08000247   Thumb Code     0  libshutdown2.o(.ARM.Collect$$libshutdown$$0000000C)
    __rt_lib_shutdown_stdio_1                0x08000247   Thumb Code     0  libshutdown2.o(.ARM.Collect$$libshutdown$$00000006)
    __rt_lib_shutdown_user_alloc_1           0x08000247   Thumb Code     0  libshutdown2.o(.ARM.Collect$$libshutdown$$0000000E)
    __rt_entry                               0x08000249   Thumb Code     0  __rtentry.o(.ARM.Collect$$rtentry$$00000000)
    __rt_entry_presh_1                       0x08000249   Thumb Code     0  __rtentry2.o(.ARM.Collect$$rtentry$$00000002)
    __rt_entry_sh                            0x08000249   Thumb Code     0  __rtentry4.o(.ARM.Collect$$rtentry$$00000004)
    __rt_entry_li                            0x0800024f   Thumb Code     0  __rtentry2.o(.ARM.Collect$$rtentry$$0000000A)
    __rt_entry_postsh_1                      0x0800024f   Thumb Code     0  __rtentry2.o(.ARM.Collect$$rtentry$$00000009)
    __rt_entry_main                          0x08000253   Thumb Code     0  __rtentry2.o(.ARM.Collect$$rtentry$$0000000D)
    __rt_entry_postli_1                      0x08000253   Thumb Code     0  __rtentry2.o(.ARM.Collect$$rtentry$$0000000C)
    __rt_exit                                0x0800025b   Thumb Code     0  rtexit.o(.ARM.Collect$$rtexit$$00000000)
    __rt_exit_ls                             0x0800025d   Thumb Code     0  rtexit2.o(.ARM.Collect$$rtexit$$00000003)
    __rt_exit_prels_1                        0x0800025d   Thumb Code     0  rtexit2.o(.ARM.Collect$$rtexit$$00000002)
    __rt_exit_exit                           0x08000261   Thumb Code     0  rtexit2.o(.ARM.Collect$$rtexit$$00000004)
    SVC_Handler                              0x08000269   Thumb Code    28  port.o(.emb_text)
    __asm___6_port_c_39a90d8d__prvStartFirstTask 0x08000289   Thumb Code    36  port.o(.emb_text)
    __asm___6_port_c_39a90d8d__prvEnableVFP  0x080002b1   Thumb Code    16  port.o(.emb_text)
    PendSV_Handler                           0x080002c5   Thumb Code    88  port.o(.emb_text)
    vPortGetIPSR                             0x08000321   Thumb Code     6  port.o(.emb_text)
    Reset_Handler                            0x08000329   Thumb Code     8  startup_stm32f407xx.o(.text)
    ADC_IRQHandler                           0x08000343   Thumb Code     0  startup_stm32f407xx.o(.text)
    CAN1_RX1_IRQHandler                      0x08000343   Thumb Code     0  startup_stm32f407xx.o(.text)
    CAN1_SCE_IRQHandler                      0x08000343   Thumb Code     0  startup_stm32f407xx.o(.text)
    CAN1_TX_IRQHandler                       0x08000343   Thumb Code     0  startup_stm32f407xx.o(.text)
    CAN2_RX1_IRQHandler                      0x08000343   Thumb Code     0  startup_stm32f407xx.o(.text)
    CAN2_SCE_IRQHandler                      0x08000343   Thumb Code     0  startup_stm32f407xx.o(.text)
    CAN2_TX_IRQHandler                       0x08000343   Thumb Code     0  startup_stm32f407xx.o(.text)
    DCMI_IRQHandler                          0x08000343   Thumb Code     0  startup_stm32f407xx.o(.text)
    DMA1_Stream0_IRQHandler                  0x08000343   Thumb Code     0  startup_stm32f407xx.o(.text)
    DMA1_Stream2_IRQHandler                  0x08000343   Thumb Code     0  startup_stm32f407xx.o(.text)
    DMA1_Stream3_IRQHandler                  0x08000343   Thumb Code     0  startup_stm32f407xx.o(.text)
    DMA1_Stream4_IRQHandler                  0x08000343   Thumb Code     0  startup_stm32f407xx.o(.text)
    DMA1_Stream5_IRQHandler                  0x08000343   Thumb Code     0  startup_stm32f407xx.o(.text)
    DMA1_Stream6_IRQHandler                  0x08000343   Thumb Code     0  startup_stm32f407xx.o(.text)
    DMA1_Stream7_IRQHandler                  0x08000343   Thumb Code     0  startup_stm32f407xx.o(.text)
    DMA2_Stream0_IRQHandler                  0x08000343   Thumb Code     0  startup_stm32f407xx.o(.text)
    DMA2_Stream4_IRQHandler                  0x08000343   Thumb Code     0  startup_stm32f407xx.o(.text)
    DMA2_Stream5_IRQHandler                  0x08000343   Thumb Code     0  startup_stm32f407xx.o(.text)
    DMA2_Stream6_IRQHandler                  0x08000343   Thumb Code     0  startup_stm32f407xx.o(.text)
    DMA2_Stream7_IRQHandler                  0x08000343   Thumb Code     0  startup_stm32f407xx.o(.text)
    ETH_IRQHandler                           0x08000343   Thumb Code     0  startup_stm32f407xx.o(.text)
    ETH_WKUP_IRQHandler                      0x08000343   Thumb Code     0  startup_stm32f407xx.o(.text)
    EXTI15_10_IRQHandler                     0x08000343   Thumb Code     0  startup_stm32f407xx.o(.text)
    EXTI1_IRQHandler                         0x08000343   Thumb Code     0  startup_stm32f407xx.o(.text)
    EXTI2_IRQHandler                         0x08000343   Thumb Code     0  startup_stm32f407xx.o(.text)
    FLASH_IRQHandler                         0x08000343   Thumb Code     0  startup_stm32f407xx.o(.text)
    FMC_IRQHandler                           0x08000343   Thumb Code     0  startup_stm32f407xx.o(.text)
    FPU_IRQHandler                           0x08000343   Thumb Code     0  startup_stm32f407xx.o(.text)
    HASH_RNG_IRQHandler                      0x08000343   Thumb Code     0  startup_stm32f407xx.o(.text)
    I2C1_ER_IRQHandler                       0x08000343   Thumb Code     0  startup_stm32f407xx.o(.text)
    I2C1_EV_IRQHandler                       0x08000343   Thumb Code     0  startup_stm32f407xx.o(.text)
    I2C2_ER_IRQHandler                       0x08000343   Thumb Code     0  startup_stm32f407xx.o(.text)
    I2C2_EV_IRQHandler                       0x08000343   Thumb Code     0  startup_stm32f407xx.o(.text)
    I2C3_ER_IRQHandler                       0x08000343   Thumb Code     0  startup_stm32f407xx.o(.text)
    I2C3_EV_IRQHandler                       0x08000343   Thumb Code     0  startup_stm32f407xx.o(.text)
    OTG_FS_IRQHandler                        0x08000343   Thumb Code     0  startup_stm32f407xx.o(.text)
    OTG_FS_WKUP_IRQHandler                   0x08000343   Thumb Code     0  startup_stm32f407xx.o(.text)
    OTG_HS_EP1_IN_IRQHandler                 0x08000343   Thumb Code     0  startup_stm32f407xx.o(.text)
    OTG_HS_EP1_OUT_IRQHandler                0x08000343   Thumb Code     0  startup_stm32f407xx.o(.text)
    OTG_HS_IRQHandler                        0x08000343   Thumb Code     0  startup_stm32f407xx.o(.text)
    OTG_HS_WKUP_IRQHandler                   0x08000343   Thumb Code     0  startup_stm32f407xx.o(.text)
    PVD_IRQHandler                           0x08000343   Thumb Code     0  startup_stm32f407xx.o(.text)
    RCC_IRQHandler                           0x08000343   Thumb Code     0  startup_stm32f407xx.o(.text)
    RTC_Alarm_IRQHandler                     0x08000343   Thumb Code     0  startup_stm32f407xx.o(.text)
    RTC_WKUP_IRQHandler                      0x08000343   Thumb Code     0  startup_stm32f407xx.o(.text)
    SDIO_IRQHandler                          0x08000343   Thumb Code     0  startup_stm32f407xx.o(.text)
    SPI1_IRQHandler                          0x08000343   Thumb Code     0  startup_stm32f407xx.o(.text)
    SPI2_IRQHandler                          0x08000343   Thumb Code     0  startup_stm32f407xx.o(.text)
    SPI3_IRQHandler                          0x08000343   Thumb Code     0  startup_stm32f407xx.o(.text)
    TAMP_STAMP_IRQHandler                    0x08000343   Thumb Code     0  startup_stm32f407xx.o(.text)
    TIM1_BRK_TIM9_IRQHandler                 0x08000343   Thumb Code     0  startup_stm32f407xx.o(.text)
    TIM1_CC_IRQHandler                       0x08000343   Thumb Code     0  startup_stm32f407xx.o(.text)
    TIM1_TRG_COM_TIM11_IRQHandler            0x08000343   Thumb Code     0  startup_stm32f407xx.o(.text)
    TIM1_UP_TIM10_IRQHandler                 0x08000343   Thumb Code     0  startup_stm32f407xx.o(.text)
    TIM2_IRQHandler                          0x08000343   Thumb Code     0  startup_stm32f407xx.o(.text)
    TIM3_IRQHandler                          0x08000343   Thumb Code     0  startup_stm32f407xx.o(.text)
    TIM4_IRQHandler                          0x08000343   Thumb Code     0  startup_stm32f407xx.o(.text)
    TIM5_IRQHandler                          0x08000343   Thumb Code     0  startup_stm32f407xx.o(.text)
    TIM6_DAC_IRQHandler                      0x08000343   Thumb Code     0  startup_stm32f407xx.o(.text)
    TIM7_IRQHandler                          0x08000343   Thumb Code     0  startup_stm32f407xx.o(.text)
    TIM8_BRK_TIM12_IRQHandler                0x08000343   Thumb Code     0  startup_stm32f407xx.o(.text)
    TIM8_CC_IRQHandler                       0x08000343   Thumb Code     0  startup_stm32f407xx.o(.text)
    TIM8_TRG_COM_TIM14_IRQHandler            0x08000343   Thumb Code     0  startup_stm32f407xx.o(.text)
    TIM8_UP_TIM13_IRQHandler                 0x08000343   Thumb Code     0  startup_stm32f407xx.o(.text)
    UART4_IRQHandler                         0x08000343   Thumb Code     0  startup_stm32f407xx.o(.text)
    UART5_IRQHandler                         0x08000343   Thumb Code     0  startup_stm32f407xx.o(.text)
    USART2_IRQHandler                        0x08000343   Thumb Code     0  startup_stm32f407xx.o(.text)
    WWDG_IRQHandler                          0x08000343   Thumb Code     0  startup_stm32f407xx.o(.text)
    __user_initial_stackheap                 0x08000345   Thumb Code     0  startup_stm32f407xx.o(.text)
    __aeabi_uldivmod                         0x08000369   Thumb Code     0  lludivv7m.o(.text)
    _ll_udiv                                 0x08000369   Thumb Code   238  lludivv7m.o(.text)
    strlen                                   0x08000457   Thumb Code    62  strlen.o(.text)
    __aeabi_memcpy                           0x08000495   Thumb Code     0  rt_memcpy_v6.o(.text)
    __rt_memcpy                              0x08000495   Thumb Code   138  rt_memcpy_v6.o(.text)
    _memcpy_lastbytes                        0x080004fb   Thumb Code     0  rt_memcpy_v6.o(.text)
    __aeabi_memcpy4                          0x0800051f   Thumb Code     0  rt_memcpy_w.o(.text)
    __aeabi_memcpy8                          0x0800051f   Thumb Code     0  rt_memcpy_w.o(.text)
    __rt_memcpy_w                            0x0800051f   Thumb Code   100  rt_memcpy_w.o(.text)
    _memcpy_lastbytes_aligned                0x08000567   Thumb Code     0  rt_memcpy_w.o(.text)
    __aeabi_memset                           0x08000583   Thumb Code    16  aeabi_memset.o(.text)
    __aeabi_memclr4                          0x08000593   Thumb Code     0  rt_memclr_w.o(.text)
    __aeabi_memclr8                          0x08000593   Thumb Code     0  rt_memclr_w.o(.text)
    __rt_memclr_w                            0x08000593   Thumb Code    78  rt_memclr_w.o(.text)
    _memset_w                                0x08000597   Thumb Code     0  rt_memclr_w.o(.text)
    __use_two_region_memory                  0x080005e1   Thumb Code     2  heapauxi.o(.text)
    __rt_heap_escrow$2region                 0x080005e3   Thumb Code     2  heapauxi.o(.text)
    __rt_heap_expand$2region                 0x080005e5   Thumb Code     2  heapauxi.o(.text)
    __read_errno                             0x080005e7   Thumb Code    10  _rserrno.o(.text)
    __set_errno                              0x080005f1   Thumb Code    12  _rserrno.o(.text)
    __aeabi_memclr                           0x080005fd   Thumb Code     0  rt_memclr.o(.text)
    __rt_memclr                              0x080005fd   Thumb Code    68  rt_memclr.o(.text)
    _memset                                  0x08000601   Thumb Code     0  rt_memclr.o(.text)
    __aeabi_errno_addr                       0x08000641   Thumb Code     8  rt_errno_addr_intlibspace.o(.text)
    __errno$intlibspace                      0x08000641   Thumb Code     0  rt_errno_addr_intlibspace.o(.text)
    __rt_errno_addr$intlibspace              0x08000641   Thumb Code     0  rt_errno_addr_intlibspace.o(.text)
    __user_libspace                          0x08000649   Thumb Code     8  libspace.o(.text)
    __user_perproc_libspace                  0x08000649   Thumb Code     0  libspace.o(.text)
    __user_perthread_libspace                0x08000649   Thumb Code     0  libspace.o(.text)
    __user_setup_stackheap                   0x08000651   Thumb Code    74  sys_stackheap_outer.o(.text)
    exit                                     0x0800069b   Thumb Code    18  exit.o(.text)
    _sys_exit                                0x080006ad   Thumb Code     8  sys_exit.o(.text)
    __I$use$semihosting                      0x080006b9   Thumb Code     0  use_no_semi.o(.text)
    __use_no_semihosting_swi                 0x080006b9   Thumb Code     2  use_no_semi.o(.text)
    __semihosting_library_function           0x080006bb   Thumb Code     0  indicate_semi.o(.text)
    BMI088_ACCEL_NS_H                        0x080006bd   Thumb Code    10  bmi088middleware.o(i.BMI088_ACCEL_NS_H)
    BMI088_ACCEL_NS_L                        0x080006cd   Thumb Code    10  bmi088middleware.o(i.BMI088_ACCEL_NS_L)
    BMI088_GPIO_init                         0x080006dd   Thumb Code     2  bmi088middleware.o(i.BMI088_GPIO_init)
    BMI088_GYRO_NS_H                         0x080006e1   Thumb Code    10  bmi088middleware.o(i.BMI088_GYRO_NS_H)
    BMI088_GYRO_NS_L                         0x080006f1   Thumb Code    10  bmi088middleware.o(i.BMI088_GYRO_NS_L)
    BMI088_accel_read_over                   0x08000701   Thumb Code   126  bmi088driver.o(i.BMI088_accel_read_over)
    BMI088_com_init                          0x08000789   Thumb Code     2  bmi088middleware.o(i.BMI088_com_init)
    BMI088_delay_ms                          0x0800078b   Thumb Code     4  bmi088middleware.o(i.BMI088_delay_ms)
    BMI088_delay_us                          0x0800078f   Thumb Code     4  bmi088middleware.o(i.BMI088_delay_us)
    BMI088_gyro_read_over                    0x08000795   Thumb Code    92  bmi088driver.o(i.BMI088_gyro_read_over)
    BMI088_init                              0x080007f5   Thumb Code    46  bmi088driver.o(i.BMI088_init)
    BMI088_read                              0x08000825   Thumb Code   340  bmi088driver.o(i.BMI088_read)
    BMI088_read_write_byte                   0x080009b9   Thumb Code    28  bmi088middleware.o(i.BMI088_read_write_byte)
    BMI088_temperature_read_over             0x080009d9   Thumb Code    46  bmi088driver.o(i.BMI088_temperature_read_over)
    BusFault_Handler                         0x08000a19   Thumb Code     2  stm32f4xx_it.o(i.BusFault_Handler)
    CAN1_RX0_IRQHandler                      0x08000a1d   Thumb Code     6  stm32f4xx_it.o(i.CAN1_RX0_IRQHandler)
    CAN2_RX0_IRQHandler                      0x08000a29   Thumb Code     6  stm32f4xx_it.o(i.CAN2_RX0_IRQHandler)
    DMA1_Stream1_IRQHandler                  0x08000a45   Thumb Code     6  stm32f4xx_it.o(i.DMA1_Stream1_IRQHandler)
    DMA2_Stream1_IRQHandler                  0x08000a51   Thumb Code     6  stm32f4xx_it.o(i.DMA2_Stream1_IRQHandler)
    DMA2_Stream2_IRQHandler                  0x08000a5d   Thumb Code   690  ins_task.o(i.DMA2_Stream2_IRQHandler)
    DMA2_Stream3_IRQHandler                  0x08000d31   Thumb Code     6  stm32f4xx_it.o(i.DMA2_Stream3_IRQHandler)
    DebugMon_Handler                         0x08000db9   Thumb Code     2  stm32f4xx_it.o(i.DebugMon_Handler)
    EXTI0_IRQHandler                         0x08000dbb   Thumb Code     6  stm32f4xx_it.o(i.EXTI0_IRQHandler)
    EXTI3_IRQHandler                         0x08000dc1   Thumb Code     6  stm32f4xx_it.o(i.EXTI3_IRQHandler)
    EXTI4_IRQHandler                         0x08000dc7   Thumb Code     6  stm32f4xx_it.o(i.EXTI4_IRQHandler)
    EXTI9_5_IRQHandler                       0x08000dcd   Thumb Code     6  stm32f4xx_it.o(i.EXTI9_5_IRQHandler)
    Error_Handler                            0x08000dd3   Thumb Code     4  main.o(i.Error_Handler)
    FusionAhrsGetQuaternion                  0x08000e3f   Thumb Code     8  fusionahrs.o(i.FusionAhrsGetQuaternion)
    FusionAhrsInitialise                     0x08000e49   Thumb Code    34  fusionahrs.o(i.FusionAhrsInitialise)
    FusionAhrsReset                          0x08000e71   Thumb Code    72  fusionahrs.o(i.FusionAhrsReset)
    FusionAhrsSetHeading                     0x08000ebd   Thumb Code   202  fusionahrs.o(i.FusionAhrsSetHeading)
    FusionAhrsSetSettings                    0x08000f89   Thumb Code   228  fusionahrs.o(i.FusionAhrsSetSettings)
    FusionAhrsUpdate                         0x08001075   Thumb Code   832  fusionahrs.o(i.FusionAhrsUpdate)
    FusionAhrsUpdateNoMagnetometer           0x080013b5   Thumb Code    50  fusionahrs.o(i.FusionAhrsUpdateNoMagnetometer)
    HAL_CAN_ErrorCallback                    0x080015a9   Thumb Code     2  stm32f4xx_hal_can.o(i.HAL_CAN_ErrorCallback)
    HAL_CAN_IRQHandler                       0x080015ab   Thumb Code   508  stm32f4xx_hal_can.o(i.HAL_CAN_IRQHandler)
    HAL_CAN_RxFifo0FullCallback              0x080017a7   Thumb Code     2  stm32f4xx_hal_can.o(i.HAL_CAN_RxFifo0FullCallback)
    HAL_CAN_RxFifo0MsgPendingCallback        0x080017a9   Thumb Code     2  stm32f4xx_hal_can.o(i.HAL_CAN_RxFifo0MsgPendingCallback)
    HAL_CAN_RxFifo1FullCallback              0x080017ab   Thumb Code     2  stm32f4xx_hal_can.o(i.HAL_CAN_RxFifo1FullCallback)
    HAL_CAN_RxFifo1MsgPendingCallback        0x080017ad   Thumb Code     2  stm32f4xx_hal_can.o(i.HAL_CAN_RxFifo1MsgPendingCallback)
    HAL_CAN_SleepCallback                    0x080017af   Thumb Code     2  stm32f4xx_hal_can.o(i.HAL_CAN_SleepCallback)
    HAL_CAN_TxMailbox0AbortCallback          0x080017b1   Thumb Code     2  stm32f4xx_hal_can.o(i.HAL_CAN_TxMailbox0AbortCallback)
    HAL_CAN_TxMailbox0CompleteCallback       0x080017b3   Thumb Code     2  stm32f4xx_hal_can.o(i.HAL_CAN_TxMailbox0CompleteCallback)
    HAL_CAN_TxMailbox1AbortCallback          0x080017b5   Thumb Code     2  stm32f4xx_hal_can.o(i.HAL_CAN_TxMailbox1AbortCallback)
    HAL_CAN_TxMailbox1CompleteCallback       0x080017b7   Thumb Code     2  stm32f4xx_hal_can.o(i.HAL_CAN_TxMailbox1CompleteCallback)
    HAL_CAN_TxMailbox2AbortCallback          0x080017b9   Thumb Code     2  stm32f4xx_hal_can.o(i.HAL_CAN_TxMailbox2AbortCallback)
    HAL_CAN_TxMailbox2CompleteCallback       0x080017bb   Thumb Code     2  stm32f4xx_hal_can.o(i.HAL_CAN_TxMailbox2CompleteCallback)
    HAL_CAN_WakeUpFromRxMsgCallback          0x080017bd   Thumb Code     2  stm32f4xx_hal_can.o(i.HAL_CAN_WakeUpFromRxMsgCallback)
    HAL_DMA_Abort                            0x080017bf   Thumb Code   146  stm32f4xx_hal_dma.o(i.HAL_DMA_Abort)
    HAL_DMA_Abort_IT                         0x08001851   Thumb Code    36  stm32f4xx_hal_dma.o(i.HAL_DMA_Abort_IT)
    HAL_DMA_IRQHandler                       0x08001875   Thumb Code   412  stm32f4xx_hal_dma.o(i.HAL_DMA_IRQHandler)
    HAL_DMA_Init                             0x08001a15   Thumb Code   206  stm32f4xx_hal_dma.o(i.HAL_DMA_Init)
    HAL_GPIO_EXTI_Callback                   0x08001ae9   Thumb Code   146  ins_task.o(i.HAL_GPIO_EXTI_Callback)
    HAL_GPIO_EXTI_IRQHandler                 0x08001b89   Thumb Code    18  stm32f4xx_hal_gpio.o(i.HAL_GPIO_EXTI_IRQHandler)
    HAL_GPIO_Init                            0x08001ba1   Thumb Code   450  stm32f4xx_hal_gpio.o(i.HAL_GPIO_Init)
    HAL_GPIO_WritePin                        0x08001d91   Thumb Code    10  stm32f4xx_hal_gpio.o(i.HAL_GPIO_WritePin)
    HAL_GetTick                              0x08001d9d   Thumb Code     6  stm32f4xx_hal.o(i.HAL_GetTick)
    HAL_I2C_Init                             0x08001da9   Thumb Code   376  stm32f4xx_hal_i2c.o(i.HAL_I2C_Init)
    HAL_I2C_Mem_Read                         0x08001f31   Thumb Code   502  stm32f4xx_hal_i2c.o(i.HAL_I2C_Mem_Read)
    HAL_I2C_MspInit                          0x08002135   Thumb Code   118  i2c.o(i.HAL_I2C_MspInit)
    HAL_IncTick                              0x080021bd   Thumb Code    12  stm32f4xx_hal.o(i.HAL_IncTick)
    HAL_Init                                 0x080021cd   Thumb Code    48  stm32f4xx_hal.o(i.HAL_Init)
    HAL_InitTick                             0x08002201   Thumb Code    54  stm32f4xx_hal.o(i.HAL_InitTick)
    HAL_MspInit                              0x08002241   Thumb Code    52  stm32f4xx_hal_msp.o(i.HAL_MspInit)
    HAL_NVIC_EnableIRQ                       0x08002279   Thumb Code    26  stm32f4xx_hal_cortex.o(i.HAL_NVIC_EnableIRQ)
    HAL_NVIC_SetPriority                     0x08002295   Thumb Code    60  stm32f4xx_hal_cortex.o(i.HAL_NVIC_SetPriority)
    HAL_NVIC_SetPriorityGrouping             0x080022d5   Thumb Code    26  stm32f4xx_hal_cortex.o(i.HAL_NVIC_SetPriorityGrouping)
    HAL_RCC_ClockConfig                      0x080022f9   Thumb Code   288  stm32f4xx_hal_rcc.o(i.HAL_RCC_ClockConfig)
    HAL_RCC_GetPCLK1Freq                     0x0800242d   Thumb Code    20  stm32f4xx_hal_rcc.o(i.HAL_RCC_GetPCLK1Freq)
    HAL_RCC_GetPCLK2Freq                     0x0800244d   Thumb Code    20  stm32f4xx_hal_rcc.o(i.HAL_RCC_GetPCLK2Freq)
    HAL_RCC_GetSysClockFreq                  0x0800246d   Thumb Code    88  stm32f4xx_hal_rcc.o(i.HAL_RCC_GetSysClockFreq)
    HAL_RCC_OscConfig                        0x080024d1   Thumb Code   856  stm32f4xx_hal_rcc.o(i.HAL_RCC_OscConfig)
    HAL_SPI_Init                             0x0800283d   Thumb Code   188  stm32f4xx_hal_spi.o(i.HAL_SPI_Init)
    HAL_SPI_MspInit                          0x080028f9   Thumb Code   226  spi.o(i.HAL_SPI_MspInit)
    HAL_SPI_TransmitReceive                  0x080029f5   Thumb Code   496  stm32f4xx_hal_spi.o(i.HAL_SPI_TransmitReceive)
    HAL_SYSTICK_Config                       0x08002be5   Thumb Code    40  stm32f4xx_hal_cortex.o(i.HAL_SYSTICK_Config)
    HAL_TIMEx_ConfigBreakDeadTime            0x08002c0d   Thumb Code    84  stm32f4xx_hal_tim_ex.o(i.HAL_TIMEx_ConfigBreakDeadTime)
    HAL_TIMEx_MasterConfigSynchronization    0x08002c61   Thumb Code   116  stm32f4xx_hal_tim_ex.o(i.HAL_TIMEx_MasterConfigSynchronization)
    HAL_TIM_Base_Init                        0x08002cf1   Thumb Code    90  stm32f4xx_hal_tim.o(i.HAL_TIM_Base_Init)
    HAL_TIM_Base_MspInit                     0x08002d4d   Thumb Code    78  tim.o(i.HAL_TIM_Base_MspInit)
    HAL_TIM_Base_Start                       0x08002dad   Thumb Code    90  stm32f4xx_hal_tim.o(i.HAL_TIM_Base_Start)
    HAL_TIM_ConfigClockSource                0x08002e25   Thumb Code   220  stm32f4xx_hal_tim.o(i.HAL_TIM_ConfigClockSource)
    HAL_TIM_MspPostInit                      0x08002f01   Thumb Code   146  tim.o(i.HAL_TIM_MspPostInit)
    HAL_TIM_PWM_ConfigChannel                0x08002fb1   Thumb Code   204  stm32f4xx_hal_tim.o(i.HAL_TIM_PWM_ConfigChannel)
    HAL_TIM_PWM_Init                         0x0800307d   Thumb Code    90  stm32f4xx_hal_tim.o(i.HAL_TIM_PWM_Init)
    HAL_TIM_PWM_MspInit                      0x080030d7   Thumb Code     2  stm32f4xx_hal_tim.o(i.HAL_TIM_PWM_MspInit)
    HAL_TIM_PWM_Start                        0x080030d9   Thumb Code   172  stm32f4xx_hal_tim.o(i.HAL_TIM_PWM_Start)
    HAL_UARTEx_RxEventCallback               0x080031a1   Thumb Code     2  stm32f4xx_hal_uart.o(i.HAL_UARTEx_RxEventCallback)
    HAL_UART_ErrorCallback                   0x080031a3   Thumb Code     2  stm32f4xx_hal_uart.o(i.HAL_UART_ErrorCallback)
    HAL_UART_IRQHandler                      0x080031a5   Thumb Code   636  stm32f4xx_hal_uart.o(i.HAL_UART_IRQHandler)
    HAL_UART_Init                            0x08003425   Thumb Code   100  stm32f4xx_hal_uart.o(i.HAL_UART_Init)
    HAL_UART_MspInit                         0x08003489   Thumb Code   398  usart.o(i.HAL_UART_MspInit)
    HAL_UART_RxCpltCallback                  0x08003645   Thumb Code     2  stm32f4xx_hal_uart.o(i.HAL_UART_RxCpltCallback)
    HAL_UART_Transmit                        0x08003647   Thumb Code   160  stm32f4xx_hal_uart.o(i.HAL_UART_Transmit)
    HAL_UART_TxCpltCallback                  0x080036e7   Thumb Code     2  stm32f4xx_hal_uart.o(i.HAL_UART_TxCpltCallback)
    HardFault_Handler                        0x0800380b   Thumb Code     2  stm32f4xx_it.o(i.HardFault_Handler)
    INS_task                                 0x08003b4d   Thumb Code   682  ins_task.o(i.INS_task)
    MX_DMA_Init                              0x08003e45   Thumb Code   104  dma.o(i.MX_DMA_Init)
    MX_FREERTOS_Init                         0x08003eb1   Thumb Code    52  freertos.o(i.MX_FREERTOS_Init)
    MX_GPIO_Init                             0x08003eed   Thumb Code   378  gpio.o(i.MX_GPIO_Init)
    MX_I2C3_Init                             0x08004081   Thumb Code    50  i2c.o(i.MX_I2C3_Init)
    MX_SPI1_Init                             0x080040c1   Thumb Code    64  spi.o(i.MX_SPI1_Init)
    MX_TIM10_Init                            0x08004109   Thumb Code    92  tim.o(i.MX_TIM10_Init)
    MX_TIM1_Init                             0x0800416d   Thumb Code   196  tim.o(i.MX_TIM1_Init)
    MX_TIM4_Init                             0x08004239   Thumb Code   142  tim.o(i.MX_TIM4_Init)
    MX_USART1_UART_Init                      0x080042d1   Thumb Code    48  usart.o(i.MX_USART1_UART_Init)
    MemManage_Handler                        0x08004309   Thumb Code     2  stm32f4xx_it.o(i.MemManage_Handler)
    NMI_Handler                              0x0800430b   Thumb Code     2  stm32f4xx_it.o(i.NMI_Handler)
    PID_calc                                 0x0800430d   Thumb Code   292  pid_dji.o(i.PID_calc)
    PID_init                                 0x08004435   Thumb Code    88  pid_dji.o(i.PID_init)
    SPI1_DMA_enable                          0x08004491   Thumb Code  4706  bsp_spi.o(i.SPI1_DMA_enable)
    SPI1_DMA_init                            0x08005705   Thumb Code   216  bsp_spi.o(i.SPI1_DMA_init)
    StartDefaultTask                         0x0800591d   Thumb Code     8  freertos.o(i.StartDefaultTask)
    SysTick_Handler                          0x08005925   Thumb Code    24  stm32f4xx_it.o(i.SysTick_Handler)
    SystemClock_Config                       0x0800593d   Thumb Code   140  main.o(i.SystemClock_Config)
    SystemInit                               0x080059d1   Thumb Code    12  system_stm32f4xx.o(i.SystemInit)
    TIM_Base_SetConfig                       0x080059e1   Thumb Code   164  stm32f4xx_hal_tim.o(i.TIM_Base_SetConfig)
    TIM_CCxChannelCmd                        0x08005ab1   Thumb Code    26  stm32f4xx_hal_tim.o(i.TIM_CCxChannelCmd)
    TIM_ETR_SetConfig                        0x08005acb   Thumb Code    20  stm32f4xx_hal_tim.o(i.TIM_ETR_SetConfig)
    TIM_OC2_SetConfig                        0x08005b51   Thumb Code    98  stm32f4xx_hal_tim.o(i.TIM_OC2_SetConfig)
    USART1_IRQHandler                        0x08005f59   Thumb Code     6  stm32f4xx_it.o(i.USART1_IRQHandler)
    USART3_IRQHandler                        0x08005f65   Thumb Code     6  stm32f4xx_it.o(i.USART3_IRQHandler)
    USART6_IRQHandler                        0x08005f71   Thumb Code     6  stm32f4xx_it.o(i.USART6_IRQHandler)
    UsageFault_Handler                       0x08005f7d   Thumb Code     2  stm32f4xx_it.o(i.UsageFault_Handler)
    Volt_Sendware                            0x08005f81   Thumb Code    20  volt.o(i.Volt_Sendware)
    __ARM_fpclassifyf                        0x08005f9d   Thumb Code    38  fpclassifyf.o(i.__ARM_fpclassifyf)
    __hardfp_asinf                           0x08005fe5   Thumb Code   258  asinf.o(i.__hardfp_asinf)
    __hardfp_atan2f                          0x08006111   Thumb Code   594  atan2f.o(i.__hardfp_atan2f)
    __hardfp_cosf                            0x080063bd   Thumb Code   280  cosf.o(i.__hardfp_cosf)
    __hardfp_powf                            0x0800650d   Thumb Code  1606  powf.o(i.__hardfp_powf)
    __mathlib_powf                           0x0800650d   Thumb Code     0  powf.o(i.__hardfp_powf)
    __hardfp_sinf                            0x08006b71   Thumb Code   344  sinf.o(i.__hardfp_sinf)
    __mathlib_flt_divzero                    0x08006d01   Thumb Code    14  funder.o(i.__mathlib_flt_divzero)
    __mathlib_flt_infnan                     0x08006d15   Thumb Code     6  funder.o(i.__mathlib_flt_infnan)
    __mathlib_flt_infnan2                    0x08006d1b   Thumb Code     6  funder.o(i.__mathlib_flt_infnan2)
    __mathlib_flt_invalid                    0x08006d21   Thumb Code    10  funder.o(i.__mathlib_flt_invalid)
    __mathlib_flt_overflow                   0x08006d31   Thumb Code    10  funder.o(i.__mathlib_flt_overflow)
    __mathlib_flt_underflow                  0x08006d41   Thumb Code    10  funder.o(i.__mathlib_flt_underflow)
    __mathlib_rredf2                         0x08006d51   Thumb Code   316  rredf.o(i.__mathlib_rredf2)
    bmi088_accel_init                        0x08006ea5   Thumb Code   292  bmi088driver.o(i.bmi088_accel_init)
    bmi088_accel_self_test                   0x08006fcd   Thumb Code   698  bmi088driver.o(i.bmi088_accel_self_test)
    bmi088_gyro_init                         0x0800728d   Thumb Code   214  bmi088driver.o(i.bmi088_gyro_init)
    bmi088_gyro_self_test                    0x08007369   Thumb Code   202  bmi088driver.o(i.bmi088_gyro_self_test)
    delay_init                               0x08007435   Thumb Code    26  bsp_delay.o(i.delay_init)
    delay_us                                 0x0800745d   Thumb Code    48  bsp_delay.o(i.delay_us)
    imu_pwm_set                              0x08007641   Thumb Code     8  bsp_imu_pwm.o(i.imu_pwm_set)
    ist8310_IIC_read_muli_reg                0x080076c9   Thumb Code    22  ist8310driver_middleware.o(i.ist8310_IIC_read_muli_reg)
    ist8310_read_mag                         0x080076e5   Thumb Code    80  ist8310driver.o(i.ist8310_read_mag)
    main                                     0x08007739   Thumb Code    96  main.o(i.main)
    osDelay                                  0x080077b1   Thumb Code    14  cmsis_os.o(i.osDelay)
    osKernelStart                            0x080077bf   Thumb Code    10  cmsis_os.o(i.osKernelStart)
    osThreadCreate                           0x080077c9   Thumb Code    84  cmsis_os.o(i.osThreadCreate)
    pcTaskGetName                            0x0800781d   Thumb Code    28  tasks.o(i.pcTaskGetName)
    pvPortMalloc                             0x0800803d   Thumb Code   216  heap_4.o(i.pvPortMalloc)
    pxPortInitialiseStack                    0x08008119   Thumb Code    40  port.o(i.pxPortInitialiseStack)
    sqrtf                                    0x08008145   Thumb Code    62  sqrtf.o(i.sqrtf)
    ulTaskNotifyTake                         0x08008185   Thumb Code    96  tasks.o(i.ulTaskNotifyTake)
    uxListRemove                             0x080081ed   Thumb Code    38  list.o(i.uxListRemove)
    vApplicationGetIdleTaskMemory            0x08008215   Thumb Code    16  freertos.o(i.vApplicationGetIdleTaskMemory)
    vApplicationGetTimerTaskMemory           0x08008229   Thumb Code    18  freertos.o(i.vApplicationGetTimerTaskMemory)
    vListInitialise                          0x08008241   Thumb Code    22  list.o(i.vListInitialise)
    vListInitialiseItem                      0x08008257   Thumb Code     6  list.o(i.vListInitialiseItem)
    vListInsert                              0x0800825d   Thumb Code    48  list.o(i.vListInsert)
    vListInsertEnd                           0x0800828d   Thumb Code    24  list.o(i.vListInsertEnd)
    vPortEnterCritical                       0x080082a5   Thumb Code    54  port.o(i.vPortEnterCritical)
    vPortExitCritical                        0x080082e5   Thumb Code    34  port.o(i.vPortExitCritical)
    vPortFree                                0x0800830d   Thumb Code    94  heap_4.o(i.vPortFree)
    vPortSetupTimerInterrupt                 0x08008371   Thumb Code    32  port.o(i.vPortSetupTimerInterrupt)
    vPortValidateInterruptPriority           0x08008395   Thumb Code    74  port.o(i.vPortValidateInterruptPriority)
    vQueueAddToRegistry                      0x080083e9   Thumb Code    34  queue.o(i.vQueueAddToRegistry)
    vQueueWaitForMessageRestricted           0x08008411   Thumb Code    68  queue.o(i.vQueueWaitForMessageRestricted)
    vTaskDelay                               0x08008455   Thumb Code    66  tasks.o(i.vTaskDelay)
    vTaskDelayUntil                          0x080084a1   Thumb Code   132  tasks.o(i.vTaskDelayUntil)
    vTaskInternalSetTimeOutState             0x0800852d   Thumb Code    12  tasks.o(i.vTaskInternalSetTimeOutState)
    vTaskMissedYield                         0x0800853d   Thumb Code     8  tasks.o(i.vTaskMissedYield)
    vTaskNotifyGiveFromISR                   0x08008549   Thumb Code   172  tasks.o(i.vTaskNotifyGiveFromISR)
    vTaskPlaceOnEventList                    0x080085fd   Thumb Code    44  tasks.o(i.vTaskPlaceOnEventList)
    vTaskPlaceOnEventListRestricted          0x0800862d   Thumb Code    52  tasks.o(i.vTaskPlaceOnEventListRestricted)
    vTaskStartScheduler                      0x08008665   Thumb Code   118  tasks.o(i.vTaskStartScheduler)
    vTaskSuspendAll                          0x080086ed   Thumb Code    10  tasks.o(i.vTaskSuspendAll)
    vTaskSwitchContext                       0x080086fd   Thumb Code    82  tasks.o(i.vTaskSwitchContext)
    xPortStartScheduler                      0x08008759   Thumb Code   222  port.o(i.xPortStartScheduler)
    xPortSysTickHandler                      0x0800884d   Thumb Code    38  port.o(i.xPortSysTickHandler)
    xQueueGenericCreateStatic                0x08008879   Thumb Code   102  queue.o(i.xQueueGenericCreateStatic)
    xQueueGenericReset                       0x080088e1   Thumb Code   132  queue.o(i.xQueueGenericReset)
    xQueueGenericSend                        0x08008969   Thumb Code   346  queue.o(i.xQueueGenericSend)
    xQueueGenericSendFromISR                 0x08008ac9   Thumb Code   190  queue.o(i.xQueueGenericSendFromISR)
    xQueueReceive                            0x08008b89   Thumb Code   308  queue.o(i.xQueueReceive)
    xTaskCheckForTimeOut                     0x08008cc1   Thumb Code   132  tasks.o(i.xTaskCheckForTimeOut)
    xTaskCreate                              0x08008d49   Thumb Code    90  tasks.o(i.xTaskCreate)
    xTaskCreateStatic                        0x08008da3   Thumb Code    86  tasks.o(i.xTaskCreateStatic)
    xTaskGetHandle                           0x08008df9   Thumb Code   124  tasks.o(i.xTaskGetHandle)
    xTaskGetSchedulerState                   0x08008e7d   Thumb Code    22  tasks.o(i.xTaskGetSchedulerState)
    xTaskGetTickCount                        0x08008e99   Thumb Code     6  tasks.o(i.xTaskGetTickCount)
    xTaskIncrementTick                       0x08008ea5   Thumb Code   194  tasks.o(i.xTaskIncrementTick)
    xTaskPriorityDisinherit                  0x08008f71   Thumb Code   144  tasks.o(i.xTaskPriorityDisinherit)
    xTaskRemoveFromEventList                 0x08009009   Thumb Code   108  tasks.o(i.xTaskRemoveFromEventList)
    xTaskResumeAll                           0x0800907d   Thumb Code   182  tasks.o(i.xTaskResumeAll)
    xTimerCreateTimerTask                    0x08009141   Thumb Code    78  timers.o(i.xTimerCreateTimerTask)
    xTimerGenericCommand                     0x080091a1   Thumb Code    98  timers.o(i.xTimerGenericCommand)
    _fp_init                                 0x08009209   Thumb Code    10  fpinit.o(x$fpl$fpinit)
    __fplib_config_fpu_vfp                   0x08009211   Thumb Code     0  fpinit.o(x$fpl$fpinit)
    __fplib_config_pureend_doubles           0x08009211   Thumb Code     0  fpinit.o(x$fpl$fpinit)
    __I$use$fp                               0x08009212   Number         0  usenofp.o(x$fpl$usenofp)
    AHBPrescTable                            0x08009254   Data          16  system_stm32f4xx.o(.constdata)
    APBPrescTable                            0x08009264   Data           8  system_stm32f4xx.o(.constdata)
    ahrs_fusion                              0x08009280   Data           4  ins_task.o(.constdata)
    Region$$Table$$Base                      0x0800942c   Number         0  anon$$obj.o(Region$$Table)
    Region$$Table$$Limit                     0x0800944c   Number         0  anon$$obj.o(Region$$Table)
    imuTaskHandle                            0x20000000   Data           4  freertos.o(.data)
    defaultTaskHandle                        0x20000004   Data           4  freertos.o(.data)
    uwTickFreq                               0x20000008   Data           1  stm32f4xx_hal.o(.data)
    uwTickPrio                               0x2000000c   Data           4  stm32f4xx_hal.o(.data)
    uwTick                                   0x20000010   Data           4  stm32f4xx_hal.o(.data)
    SystemCoreClock                          0x20000014   Data           4  system_stm32f4xx.o(.data)
    pxCurrentTCB                             0x20000018   Data           4  tasks.o(.data)
    BMI088_ACCEL_SEN                         0x20000094   Data           4  bmi088driver.o(.data)
    BMI088_GYRO_SEN                          0x20000098   Data           4  bmi088driver.o(.data)
    gyro_update_flag                         0x200000c8   Data           1  ins_task.o(.data)
    accel_update_flag                        0x200000c9   Data           1  ins_task.o(.data)
    accel_temp_update_flag                   0x200000ca   Data           1  ins_task.o(.data)
    mag_update_flag                          0x200000cb   Data           1  ins_task.o(.data)
    imu_start_dma_flag                       0x200000cc   Data           1  ins_task.o(.data)
    accel_temp_dma_tx_buf                    0x200000cf   Data           4  ins_task.o(.data)
    timing_time                              0x200000d4   Data           4  ins_task.o(.data)
    accel_temp_dma_rx_buf                    0x200000e0   Data           4  ins_task.o(.data)
    gyro_dma_tx_buf                          0x200000e4   Data           8  ins_task.o(.data)
    gyro_dma_rx_buf                          0x200000ec   Data           8  ins_task.o(.data)
    accel_dma_tx_buf                         0x200000f4   Data           9  ins_task.o(.data)
    gyro_scale_factor                        0x20000100   Data          36  ins_task.o(.data)
    gyro_offset                              0x20000124   Data          12  ins_task.o(.data)
    accel_scale_factor                       0x20000130   Data          36  ins_task.o(.data)
    accel_offset                             0x20000154   Data          12  ins_task.o(.data)
    hcan1                                    0x20000808   Data          40  can.o(.bss)
    hcan2                                    0x20000830   Data          40  can.o(.bss)
    hi2c3                                    0x20000858   Data          84  i2c.o(.bss)
    hspi1                                    0x200008ac   Data          88  spi.o(.bss)
    hdma_spi1_rx                             0x20000904   Data          96  spi.o(.bss)
    hdma_spi1_tx                             0x20000964   Data          96  spi.o(.bss)
    htim1                                    0x200009c4   Data          72  tim.o(.bss)
    htim4                                    0x20000a0c   Data          72  tim.o(.bss)
    htim10                                   0x20000a54   Data          72  tim.o(.bss)
    huart1                                   0x20000a9c   Data          72  usart.o(.bss)
    huart3                                   0x20000ae4   Data          72  usart.o(.bss)
    huart6                                   0x20000b2c   Data          72  usart.o(.bss)
    hdma_usart3_rx                           0x20000b74   Data          96  usart.o(.bss)
    hdma_usart6_rx                           0x20000bd4   Data          96  usart.o(.bss)
    xQueueRegistry                           0x20000c34   Data          64  queue.o(.bss)
    INS_gyro                                 0x20006e98   Data          12  ins_task.o(.bss)
    INS_accel                                0x20006ea4   Data          12  ins_task.o(.bss)
    INS_angle                                0x20006eb0   Data          12  ins_task.o(.bss)
    INS_angle_fusion                         0x20006ebc   Data          12  ins_task.o(.bss)
    INS_degree                               0x20006ec8   Data          12  ins_task.o(.bss)
    accel_dma_rx_buf                         0x20006ed4   Data           9  ins_task.o(.bss)
    bmi088_real_data                         0x20006ee0   Data          36  ins_task.o(.bss)
    ist8310_real_data                        0x20006f04   Data          16  ins_task.o(.bss)
    imu_temp_pid                             0x20006f14   Data          72  ins_task.o(.bss)
    volt                                     0x20006fd0   Data          16  volt.o(.bss)
    __libspace_start                         0x20006fe0   Data          96  libspace.o(.bss)
    __temporary_stack_top$libspace           0x20007040   Data           0  libspace.o(.bss)



==============================================================================

Memory Map of the image

  Image Entry point : 0x08000189

  Load Region LR_IROM1 (Base: 0x08000000, Size: 0x000095ac, Max: 0x00100000, ABSOLUTE, COMPRESSED[0x000094c4])

    Execution Region ER_IROM1 (Exec base: 0x08000000, Load base: 0x08000000, Size: 0x0000944c, Max: 0x00100000, ABSOLUTE)

    Exec Addr    Load Addr    Size         Type   Attr      Idx    E Section Name        Object

    0x08000000   0x08000000   0x00000188   Data   RO            3    RESET               startup_stm32f407xx.o
    0x08000188   0x08000188   0x00000008   Code   RO         7119  * !!!main             c_w.l(__main.o)
    0x08000190   0x08000190   0x00000034   Code   RO         7395    !!!scatter          c_w.l(__scatter.o)
    0x080001c4   0x080001c4   0x0000005a   Code   RO         7393    !!dczerorl2         c_w.l(__dczerorl2.o)
    0x0800021e   0x0800021e   0x00000002   PAD
    0x08000220   0x08000220   0x0000001c   Code   RO         7397    !!handler_zi        c_w.l(__scatter_zi.o)
    0x0800023c   0x0800023c   0x00000002   Code   RO         7264    .ARM.Collect$$libinit$$00000000  c_w.l(libinit.o)
    0x0800023e   0x0800023e   0x00000004   Code   RO         7273    .ARM.Collect$$libinit$$00000001  c_w.l(libinit2.o)
    0x08000242   0x08000242   0x00000000   Code   RO         7276    .ARM.Collect$$libinit$$00000004  c_w.l(libinit2.o)
    0x08000242   0x08000242   0x00000000   Code   RO         7279    .ARM.Collect$$libinit$$0000000A  c_w.l(libinit2.o)
    0x08000242   0x08000242   0x00000000   Code   RO         7281    .ARM.Collect$$libinit$$0000000C  c_w.l(libinit2.o)
    0x08000242   0x08000242   0x00000000   Code   RO         7283    .ARM.Collect$$libinit$$0000000E  c_w.l(libinit2.o)
    0x08000242   0x08000242   0x00000000   Code   RO         7286    .ARM.Collect$$libinit$$00000011  c_w.l(libinit2.o)
    0x08000242   0x08000242   0x00000000   Code   RO         7288    .ARM.Collect$$libinit$$00000013  c_w.l(libinit2.o)
    0x08000242   0x08000242   0x00000000   Code   RO         7290    .ARM.Collect$$libinit$$00000015  c_w.l(libinit2.o)
    0x08000242   0x08000242   0x00000000   Code   RO         7292    .ARM.Collect$$libinit$$00000017  c_w.l(libinit2.o)
    0x08000242   0x08000242   0x00000000   Code   RO         7294    .ARM.Collect$$libinit$$00000019  c_w.l(libinit2.o)
    0x08000242   0x08000242   0x00000000   Code   RO         7296    .ARM.Collect$$libinit$$0000001B  c_w.l(libinit2.o)
    0x08000242   0x08000242   0x00000000   Code   RO         7298    .ARM.Collect$$libinit$$0000001D  c_w.l(libinit2.o)
    0x08000242   0x08000242   0x00000000   Code   RO         7300    .ARM.Collect$$libinit$$0000001F  c_w.l(libinit2.o)
    0x08000242   0x08000242   0x00000000   Code   RO         7302    .ARM.Collect$$libinit$$00000021  c_w.l(libinit2.o)
    0x08000242   0x08000242   0x00000000   Code   RO         7304    .ARM.Collect$$libinit$$00000023  c_w.l(libinit2.o)
    0x08000242   0x08000242   0x00000000   Code   RO         7306    .ARM.Collect$$libinit$$00000025  c_w.l(libinit2.o)
    0x08000242   0x08000242   0x00000000   Code   RO         7310    .ARM.Collect$$libinit$$0000002C  c_w.l(libinit2.o)
    0x08000242   0x08000242   0x00000000   Code   RO         7312    .ARM.Collect$$libinit$$0000002E  c_w.l(libinit2.o)
    0x08000242   0x08000242   0x00000000   Code   RO         7314    .ARM.Collect$$libinit$$00000030  c_w.l(libinit2.o)
    0x08000242   0x08000242   0x00000000   Code   RO         7316    .ARM.Collect$$libinit$$00000032  c_w.l(libinit2.o)
    0x08000242   0x08000242   0x00000002   Code   RO         7317    .ARM.Collect$$libinit$$00000033  c_w.l(libinit2.o)
    0x08000244   0x08000244   0x00000002   Code   RO         7348    .ARM.Collect$$libshutdown$$00000000  c_w.l(libshutdown.o)
    0x08000246   0x08000246   0x00000000   Code   RO         7374    .ARM.Collect$$libshutdown$$00000002  c_w.l(libshutdown2.o)
    0x08000246   0x08000246   0x00000000   Code   RO         7376    .ARM.Collect$$libshutdown$$00000004  c_w.l(libshutdown2.o)
    0x08000246   0x08000246   0x00000000   Code   RO         7378    .ARM.Collect$$libshutdown$$00000006  c_w.l(libshutdown2.o)
    0x08000246   0x08000246   0x00000000   Code   RO         7381    .ARM.Collect$$libshutdown$$00000009  c_w.l(libshutdown2.o)
    0x08000246   0x08000246   0x00000000   Code   RO         7384    .ARM.Collect$$libshutdown$$0000000C  c_w.l(libshutdown2.o)
    0x08000246   0x08000246   0x00000000   Code   RO         7386    .ARM.Collect$$libshutdown$$0000000E  c_w.l(libshutdown2.o)
    0x08000246   0x08000246   0x00000000   Code   RO         7389    .ARM.Collect$$libshutdown$$00000011  c_w.l(libshutdown2.o)
    0x08000246   0x08000246   0x00000002   Code   RO         7390    .ARM.Collect$$libshutdown$$00000012  c_w.l(libshutdown2.o)
    0x08000248   0x08000248   0x00000000   Code   RO         7195    .ARM.Collect$$rtentry$$00000000  c_w.l(__rtentry.o)
    0x08000248   0x08000248   0x00000000   Code   RO         7227    .ARM.Collect$$rtentry$$00000002  c_w.l(__rtentry2.o)
    0x08000248   0x08000248   0x00000006   Code   RO         7239    .ARM.Collect$$rtentry$$00000004  c_w.l(__rtentry4.o)
    0x0800024e   0x0800024e   0x00000000   Code   RO         7229    .ARM.Collect$$rtentry$$00000009  c_w.l(__rtentry2.o)
    0x0800024e   0x0800024e   0x00000004   Code   RO         7230    .ARM.Collect$$rtentry$$0000000A  c_w.l(__rtentry2.o)
    0x08000252   0x08000252   0x00000000   Code   RO         7232    .ARM.Collect$$rtentry$$0000000C  c_w.l(__rtentry2.o)
    0x08000252   0x08000252   0x00000008   Code   RO         7233    .ARM.Collect$$rtentry$$0000000D  c_w.l(__rtentry2.o)
    0x0800025a   0x0800025a   0x00000002   Code   RO         7265    .ARM.Collect$$rtexit$$00000000  c_w.l(rtexit.o)
    0x0800025c   0x0800025c   0x00000000   Code   RO         7321    .ARM.Collect$$rtexit$$00000002  c_w.l(rtexit2.o)
    0x0800025c   0x0800025c   0x00000004   Code   RO         7322    .ARM.Collect$$rtexit$$00000003  c_w.l(rtexit2.o)
    0x08000260   0x08000260   0x00000006   Code   RO         7323    .ARM.Collect$$rtexit$$00000004  c_w.l(rtexit2.o)
    0x08000266   0x08000266   0x00000002   PAD
    0x08000268   0x08000268   0x000000be   Code   RO         5753    .emb_text           port.o
    0x08000326   0x08000326   0x00000002   PAD
    0x08000328   0x08000328   0x00000040   Code   RO            4    .text               startup_stm32f407xx.o
    0x08000368   0x08000368   0x000000ee   Code   RO         7103    .text               c_w.l(lludivv7m.o)
    0x08000456   0x08000456   0x0000003e   Code   RO         7105    .text               c_w.l(strlen.o)
    0x08000494   0x08000494   0x0000008a   Code   RO         7107    .text               c_w.l(rt_memcpy_v6.o)
    0x0800051e   0x0800051e   0x00000064   Code   RO         7109    .text               c_w.l(rt_memcpy_w.o)
    0x08000582   0x08000582   0x00000010   Code   RO         7113    .text               c_w.l(aeabi_memset.o)
    0x08000592   0x08000592   0x0000004e   Code   RO         7115    .text               c_w.l(rt_memclr_w.o)
    0x080005e0   0x080005e0   0x00000006   Code   RO         7117    .text               c_w.l(heapauxi.o)
    0x080005e6   0x080005e6   0x00000016   Code   RO         7200    .text               c_w.l(_rserrno.o)
    0x080005fc   0x080005fc   0x00000044   Code   RO         7202    .text               c_w.l(rt_memclr.o)
    0x08000640   0x08000640   0x00000008   Code   RO         7246    .text               c_w.l(rt_errno_addr_intlibspace.o)
    0x08000648   0x08000648   0x00000008   Code   RO         7248    .text               c_w.l(libspace.o)
    0x08000650   0x08000650   0x0000004a   Code   RO         7251    .text               c_w.l(sys_stackheap_outer.o)
    0x0800069a   0x0800069a   0x00000012   Code   RO         7253    .text               c_w.l(exit.o)
    0x080006ac   0x080006ac   0x0000000c   Code   RO         7318    .text               c_w.l(sys_exit.o)
    0x080006b8   0x080006b8   0x00000002   Code   RO         7337    .text               c_w.l(use_no_semi.o)
    0x080006ba   0x080006ba   0x00000000   Code   RO         7339    .text               c_w.l(indicate_semi.o)
    0x080006ba   0x080006ba   0x00000002   PAD
    0x080006bc   0x080006bc   0x00000010   Code   RO         6270    i.BMI088_ACCEL_NS_H  bmi088middleware.o
    0x080006cc   0x080006cc   0x00000010   Code   RO         6271    i.BMI088_ACCEL_NS_L  bmi088middleware.o
    0x080006dc   0x080006dc   0x00000002   Code   RO         6272    i.BMI088_GPIO_init  bmi088middleware.o
    0x080006de   0x080006de   0x00000002   PAD
    0x080006e0   0x080006e0   0x00000010   Code   RO         6273    i.BMI088_GYRO_NS_H  bmi088middleware.o
    0x080006f0   0x080006f0   0x00000010   Code   RO         6274    i.BMI088_GYRO_NS_L  bmi088middleware.o
    0x08000700   0x08000700   0x00000088   Code   RO         6134    i.BMI088_accel_read_over  bmi088driver.o
    0x08000788   0x08000788   0x00000002   Code   RO         6275    i.BMI088_com_init   bmi088middleware.o
    0x0800078a   0x0800078a   0x00000004   Code   RO         6276    i.BMI088_delay_ms   bmi088middleware.o
    0x0800078e   0x0800078e   0x00000004   Code   RO         6277    i.BMI088_delay_us   bmi088middleware.o
    0x08000792   0x08000792   0x00000002   PAD
    0x08000794   0x08000794   0x00000060   Code   RO         6135    i.BMI088_gyro_read_over  bmi088driver.o
    0x080007f4   0x080007f4   0x0000002e   Code   RO         6136    i.BMI088_init       bmi088driver.o
    0x08000822   0x08000822   0x00000002   PAD
    0x08000824   0x08000824   0x00000158   Code   RO         6137    i.BMI088_read       bmi088driver.o
    0x0800097c   0x0800097c   0x00000024   Code   RO         6140    i.BMI088_read_muli_reg  bmi088driver.o
    0x080009a0   0x080009a0   0x00000016   Code   RO         6141    i.BMI088_read_single_reg  bmi088driver.o
    0x080009b6   0x080009b6   0x00000002   PAD
    0x080009b8   0x080009b8   0x00000020   Code   RO         6278    i.BMI088_read_write_byte  bmi088middleware.o
    0x080009d8   0x080009d8   0x0000002e   Code   RO         6142    i.BMI088_temperature_read_over  bmi088driver.o
    0x08000a06   0x08000a06   0x00000012   Code   RO         6143    i.BMI088_write_single_reg  bmi088driver.o
    0x08000a18   0x08000a18   0x00000002   Code   RO          623    i.BusFault_Handler  stm32f4xx_it.o
    0x08000a1a   0x08000a1a   0x00000002   PAD
    0x08000a1c   0x08000a1c   0x0000000c   Code   RO          624    i.CAN1_RX0_IRQHandler  stm32f4xx_it.o
    0x08000a28   0x08000a28   0x0000000c   Code   RO          625    i.CAN2_RX0_IRQHandler  stm32f4xx_it.o
    0x08000a34   0x08000a34   0x00000010   Code   RO         6820    i.Clamp             fusionahrs.o
    0x08000a44   0x08000a44   0x0000000c   Code   RO          626    i.DMA1_Stream1_IRQHandler  stm32f4xx_it.o
    0x08000a50   0x08000a50   0x0000000c   Code   RO          627    i.DMA2_Stream1_IRQHandler  stm32f4xx_it.o
    0x08000a5c   0x08000a5c   0x000002d4   Code   RO         6694    i.DMA2_Stream2_IRQHandler  ins_task.o
    0x08000d30   0x08000d30   0x0000000c   Code   RO          628    i.DMA2_Stream3_IRQHandler  stm32f4xx_it.o
    0x08000d3c   0x08000d3c   0x00000028   Code   RO         1476    i.DMA_CalcBaseAndBitshift  stm32f4xx_hal_dma.o
    0x08000d64   0x08000d64   0x00000054   Code   RO         1477    i.DMA_CheckFifoParam  stm32f4xx_hal_dma.o
    0x08000db8   0x08000db8   0x00000002   Code   RO          629    i.DebugMon_Handler  stm32f4xx_it.o
    0x08000dba   0x08000dba   0x00000006   Code   RO          630    i.EXTI0_IRQHandler  stm32f4xx_it.o
    0x08000dc0   0x08000dc0   0x00000006   Code   RO          631    i.EXTI3_IRQHandler  stm32f4xx_it.o
    0x08000dc6   0x08000dc6   0x00000006   Code   RO          632    i.EXTI4_IRQHandler  stm32f4xx_it.o
    0x08000dcc   0x08000dcc   0x00000006   Code   RO          633    i.EXTI9_5_IRQHandler  stm32f4xx_it.o
    0x08000dd2   0x08000dd2   0x00000004   Code   RO           13    i.Error_Handler     main.o
    0x08000dd6   0x08000dd6   0x00000068   Code   RO         6821    i.Feedback          fusionahrs.o
    0x08000e3e   0x08000e3e   0x00000008   Code   RO         6827    i.FusionAhrsGetQuaternion  fusionahrs.o
    0x08000e46   0x08000e46   0x00000002   PAD
    0x08000e48   0x08000e48   0x00000028   Code   RO         6828    i.FusionAhrsInitialise  fusionahrs.o
    0x08000e70   0x08000e70   0x0000004c   Code   RO         6829    i.FusionAhrsReset   fusionahrs.o
    0x08000ebc   0x08000ebc   0x000000ca   Code   RO         6830    i.FusionAhrsSetHeading  fusionahrs.o
    0x08000f86   0x08000f86   0x00000002   PAD
    0x08000f88   0x08000f88   0x000000ec   Code   RO         6832    i.FusionAhrsSetSettings  fusionahrs.o
    0x08001074   0x08001074   0x00000340   Code   RO         6833    i.FusionAhrsUpdate  fusionahrs.o
    0x080013b4   0x080013b4   0x00000038   Code   RO         6835    i.FusionAhrsUpdateNoMagnetometer  fusionahrs.o
    0x080013ec   0x080013ec   0x00000010   Code   RO         6837    i.FusionDegreesToRadians  fusionahrs.o
    0x080013fc   0x080013fc   0x00000034   Code   RO         6838    i.FusionFastInverseSqrt  fusionahrs.o
    0x08001430   0x08001430   0x000000ac   Code   RO         6695    i.FusionQuaternionToEuler  ins_task.o
    0x080014dc   0x080014dc   0x0000000e   Code   RO         6839    i.FusionVectorAdd   fusionahrs.o
    0x080014ea   0x080014ea   0x00000022   Code   RO         6840    i.FusionVectorCrossProduct  fusionahrs.o
    0x0800150c   0x0800150c   0x0000000e   Code   RO         6841    i.FusionVectorHadamardProduct  fusionahrs.o
    0x0800151a   0x0800151a   0x00000026   Code   RO         6842    i.FusionVectorIsZero  fusionahrs.o
    0x08001540   0x08001540   0x0000001a   Code   RO         6844    i.FusionVectorMagnitudeSquared  fusionahrs.o
    0x0800155a   0x0800155a   0x0000000e   Code   RO         6845    i.FusionVectorMultiplyScalar  fusionahrs.o
    0x08001568   0x08001568   0x00000036   Code   RO         6846    i.FusionVectorNormalise  fusionahrs.o
    0x0800159e   0x0800159e   0x0000000a   Code   RO         6847    i.FusionVectorSum   fusionahrs.o
    0x080015a8   0x080015a8   0x00000002   Code   RO          789    i.HAL_CAN_ErrorCallback  stm32f4xx_hal_can.o
    0x080015aa   0x080015aa   0x000001fc   Code   RO          796    i.HAL_CAN_IRQHandler  stm32f4xx_hal_can.o
    0x080017a6   0x080017a6   0x00000002   Code   RO          804    i.HAL_CAN_RxFifo0FullCallback  stm32f4xx_hal_can.o
    0x080017a8   0x080017a8   0x00000002   Code   RO          805    i.HAL_CAN_RxFifo0MsgPendingCallback  stm32f4xx_hal_can.o
    0x080017aa   0x080017aa   0x00000002   Code   RO          806    i.HAL_CAN_RxFifo1FullCallback  stm32f4xx_hal_can.o
    0x080017ac   0x080017ac   0x00000002   Code   RO          807    i.HAL_CAN_RxFifo1MsgPendingCallback  stm32f4xx_hal_can.o
    0x080017ae   0x080017ae   0x00000002   Code   RO          808    i.HAL_CAN_SleepCallback  stm32f4xx_hal_can.o
    0x080017b0   0x080017b0   0x00000002   Code   RO          811    i.HAL_CAN_TxMailbox0AbortCallback  stm32f4xx_hal_can.o
    0x080017b2   0x080017b2   0x00000002   Code   RO          812    i.HAL_CAN_TxMailbox0CompleteCallback  stm32f4xx_hal_can.o
    0x080017b4   0x080017b4   0x00000002   Code   RO          813    i.HAL_CAN_TxMailbox1AbortCallback  stm32f4xx_hal_can.o
    0x080017b6   0x080017b6   0x00000002   Code   RO          814    i.HAL_CAN_TxMailbox1CompleteCallback  stm32f4xx_hal_can.o
    0x080017b8   0x080017b8   0x00000002   Code   RO          815    i.HAL_CAN_TxMailbox2AbortCallback  stm32f4xx_hal_can.o
    0x080017ba   0x080017ba   0x00000002   Code   RO          816    i.HAL_CAN_TxMailbox2CompleteCallback  stm32f4xx_hal_can.o
    0x080017bc   0x080017bc   0x00000002   Code   RO          818    i.HAL_CAN_WakeUpFromRxMsgCallback  stm32f4xx_hal_can.o
    0x080017be   0x080017be   0x00000092   Code   RO         1479    i.HAL_DMA_Abort     stm32f4xx_hal_dma.o
    0x08001850   0x08001850   0x00000024   Code   RO         1480    i.HAL_DMA_Abort_IT  stm32f4xx_hal_dma.o
    0x08001874   0x08001874   0x000001a0   Code   RO         1484    i.HAL_DMA_IRQHandler  stm32f4xx_hal_dma.o
    0x08001a14   0x08001a14   0x000000d4   Code   RO         1485    i.HAL_DMA_Init      stm32f4xx_hal_dma.o
    0x08001ae8   0x08001ae8   0x000000a0   Code   RO         6696    i.HAL_GPIO_EXTI_Callback  ins_task.o
    0x08001b88   0x08001b88   0x00000018   Code   RO         1371    i.HAL_GPIO_EXTI_IRQHandler  stm32f4xx_hal_gpio.o
    0x08001ba0   0x08001ba0   0x000001f0   Code   RO         1372    i.HAL_GPIO_Init     stm32f4xx_hal_gpio.o
    0x08001d90   0x08001d90   0x0000000a   Code   RO         1376    i.HAL_GPIO_WritePin  stm32f4xx_hal_gpio.o
    0x08001d9a   0x08001d9a   0x00000002   PAD
    0x08001d9c   0x08001d9c   0x0000000c   Code   RO         1922    i.HAL_GetTick       stm32f4xx_hal.o
    0x08001da8   0x08001da8   0x00000188   Code   RO         2178    i.HAL_I2C_Init      stm32f4xx_hal_i2c.o
    0x08001f30   0x08001f30   0x00000204   Code   RO         2196    i.HAL_I2C_Mem_Read  stm32f4xx_hal_i2c.o
    0x08002134   0x08002134   0x00000088   Code   RO          426    i.HAL_I2C_MspInit   i2c.o
    0x080021bc   0x080021bc   0x00000010   Code   RO         1928    i.HAL_IncTick       stm32f4xx_hal.o
    0x080021cc   0x080021cc   0x00000034   Code   RO         1929    i.HAL_Init          stm32f4xx_hal.o
    0x08002200   0x08002200   0x00000040   Code   RO         1930    i.HAL_InitTick      stm32f4xx_hal.o
    0x08002240   0x08002240   0x00000038   Code   RO          759    i.HAL_MspInit       stm32f4xx_hal_msp.o
    0x08002278   0x08002278   0x0000001a   Code   RO         1764    i.HAL_NVIC_EnableIRQ  stm32f4xx_hal_cortex.o
    0x08002292   0x08002292   0x00000002   PAD
    0x08002294   0x08002294   0x00000040   Code   RO         1770    i.HAL_NVIC_SetPriority  stm32f4xx_hal_cortex.o
    0x080022d4   0x080022d4   0x00000024   Code   RO         1771    i.HAL_NVIC_SetPriorityGrouping  stm32f4xx_hal_cortex.o
    0x080022f8   0x080022f8   0x00000134   Code   RO         1018    i.HAL_RCC_ClockConfig  stm32f4xx_hal_rcc.o
    0x0800242c   0x0800242c   0x00000020   Code   RO         1025    i.HAL_RCC_GetPCLK1Freq  stm32f4xx_hal_rcc.o
    0x0800244c   0x0800244c   0x00000020   Code   RO         1026    i.HAL_RCC_GetPCLK2Freq  stm32f4xx_hal_rcc.o
    0x0800246c   0x0800246c   0x00000064   Code   RO         1027    i.HAL_RCC_GetSysClockFreq  stm32f4xx_hal_rcc.o
    0x080024d0   0x080024d0   0x0000036c   Code   RO         1030    i.HAL_RCC_OscConfig  stm32f4xx_hal_rcc.o
    0x0800283c   0x0800283c   0x000000bc   Code   RO         2633    i.HAL_SPI_Init      stm32f4xx_hal_spi.o
    0x080028f8   0x080028f8   0x000000fc   Code   RO          468    i.HAL_SPI_MspInit   spi.o
    0x080029f4   0x080029f4   0x000001f0   Code   RO         2642    i.HAL_SPI_TransmitReceive  stm32f4xx_hal_spi.o
    0x08002be4   0x08002be4   0x00000028   Code   RO         1775    i.HAL_SYSTICK_Config  stm32f4xx_hal_cortex.o
    0x08002c0c   0x08002c0c   0x00000054   Code   RO         3653    i.HAL_TIMEx_ConfigBreakDeadTime  stm32f4xx_hal_tim_ex.o
    0x08002c60   0x08002c60   0x00000090   Code   RO         3669    i.HAL_TIMEx_MasterConfigSynchronization  stm32f4xx_hal_tim_ex.o
    0x08002cf0   0x08002cf0   0x0000005a   Code   RO         2946    i.HAL_TIM_Base_Init  stm32f4xx_hal_tim.o
    0x08002d4a   0x08002d4a   0x00000002   PAD
    0x08002d4c   0x08002d4c   0x00000060   Code   RO          510    i.HAL_TIM_Base_MspInit  tim.o
    0x08002dac   0x08002dac   0x00000078   Code   RO         2949    i.HAL_TIM_Base_Start  stm32f4xx_hal_tim.o
    0x08002e24   0x08002e24   0x000000dc   Code   RO         2955    i.HAL_TIM_ConfigClockSource  stm32f4xx_hal_tim.o
    0x08002f00   0x08002f00   0x000000b0   Code   RO          511    i.HAL_TIM_MspPostInit  tim.o
    0x08002fb0   0x08002fb0   0x000000cc   Code   RO         3018    i.HAL_TIM_PWM_ConfigChannel  stm32f4xx_hal_tim.o
    0x0800307c   0x0800307c   0x0000005a   Code   RO         3021    i.HAL_TIM_PWM_Init  stm32f4xx_hal_tim.o
    0x080030d6   0x080030d6   0x00000002   Code   RO         3023    i.HAL_TIM_PWM_MspInit  stm32f4xx_hal_tim.o
    0x080030d8   0x080030d8   0x000000c8   Code   RO         3026    i.HAL_TIM_PWM_Start  stm32f4xx_hal_tim.o
    0x080031a0   0x080031a0   0x00000002   Code   RO         3929    i.HAL_UARTEx_RxEventCallback  stm32f4xx_hal_uart.o
    0x080031a2   0x080031a2   0x00000002   Code   RO         3943    i.HAL_UART_ErrorCallback  stm32f4xx_hal_uart.o
    0x080031a4   0x080031a4   0x00000280   Code   RO         3946    i.HAL_UART_IRQHandler  stm32f4xx_hal_uart.o
    0x08003424   0x08003424   0x00000064   Code   RO         3947    i.HAL_UART_Init     stm32f4xx_hal_uart.o
    0x08003488   0x08003488   0x000001bc   Code   RO          570    i.HAL_UART_MspInit  usart.o
    0x08003644   0x08003644   0x00000002   Code   RO         3953    i.HAL_UART_RxCpltCallback  stm32f4xx_hal_uart.o
    0x08003646   0x08003646   0x000000a0   Code   RO         3955    i.HAL_UART_Transmit  stm32f4xx_hal_uart.o
    0x080036e6   0x080036e6   0x00000002   Code   RO         3958    i.HAL_UART_TxCpltCallback  stm32f4xx_hal_uart.o
    0x080036e8   0x080036e8   0x0000007c   Code   RO         6848    i.HalfGravity       fusionahrs.o
    0x08003764   0x08003764   0x000000a6   Code   RO         6849    i.HalfMagnetic      fusionahrs.o
    0x0800380a   0x0800380a   0x00000002   Code   RO          634    i.HardFault_Handler  stm32f4xx_it.o
    0x0800380c   0x0800380c   0x0000002e   Code   RO         2221    i.I2C_IsAcknowledgeFailed  stm32f4xx_hal_i2c.o
    0x0800383a   0x0800383a   0x00000002   PAD
    0x0800383c   0x0800383c   0x000000fc   Code   RO         2231    i.I2C_RequestMemoryRead  stm32f4xx_hal_i2c.o
    0x08003938   0x08003938   0x00000090   Code   RO         2237    i.I2C_WaitOnFlagUntilTimeout  stm32f4xx_hal_i2c.o
    0x080039c8   0x080039c8   0x000000bc   Code   RO         2238    i.I2C_WaitOnMasterAddressFlagUntilTimeout  stm32f4xx_hal_i2c.o
    0x08003a84   0x08003a84   0x00000070   Code   RO         2239    i.I2C_WaitOnRXNEFlagUntilTimeout  stm32f4xx_hal_i2c.o
    0x08003af4   0x08003af4   0x00000056   Code   RO         2240    i.I2C_WaitOnTXEFlagUntilTimeout  stm32f4xx_hal_i2c.o
    0x08003b4a   0x08003b4a   0x00000002   PAD
    0x08003b4c   0x08003b4c   0x000002f8   Code   RO         6697    i.INS_task          ins_task.o
    0x08003e44   0x08003e44   0x0000006c   Code   RO          401    i.MX_DMA_Init       dma.o
    0x08003eb0   0x08003eb0   0x0000003c   Code   RO          292    i.MX_FREERTOS_Init  freertos.o
    0x08003eec   0x08003eec   0x00000194   Code   RO          268    i.MX_GPIO_Init      gpio.o
    0x08004080   0x08004080   0x00000040   Code   RO          427    i.MX_I2C3_Init      i2c.o
    0x080040c0   0x080040c0   0x00000048   Code   RO          469    i.MX_SPI1_Init      spi.o
    0x08004108   0x08004108   0x00000064   Code   RO          512    i.MX_TIM10_Init     tim.o
    0x0800416c   0x0800416c   0x000000cc   Code   RO          513    i.MX_TIM1_Init      tim.o
    0x08004238   0x08004238   0x00000098   Code   RO          514    i.MX_TIM4_Init      tim.o
    0x080042d0   0x080042d0   0x00000038   Code   RO          571    i.MX_USART1_UART_Init  usart.o
    0x08004308   0x08004308   0x00000002   Code   RO          635    i.MemManage_Handler  stm32f4xx_it.o
    0x0800430a   0x0800430a   0x00000002   Code   RO          636    i.NMI_Handler       stm32f4xx_it.o
    0x0800430c   0x0800430c   0x00000128   Code   RO         5924    i.PID_calc          pid_dji.o
    0x08004434   0x08004434   0x0000005c   Code   RO         5926    i.PID_init          pid_dji.o
    0x08004490   0x08004490   0x00001274   Code   RO         6660    i.SPI1_DMA_enable   bsp_spi.o
    0x08005704   0x08005704   0x000000f0   Code   RO         6661    i.SPI1_DMA_init     bsp_spi.o
    0x080057f4   0x080057f4   0x0000006c   Code   RO         2671    i.SPI_EndRxTxTransaction  stm32f4xx_hal_spi.o
    0x08005860   0x08005860   0x000000bc   Code   RO         2676    i.SPI_WaitFlagStateUntilTimeout  stm32f4xx_hal_spi.o
    0x0800591c   0x0800591c   0x00000008   Code   RO          293    i.StartDefaultTask  freertos.o
    0x08005924   0x08005924   0x00000018   Code   RO          637    i.SysTick_Handler   stm32f4xx_it.o
    0x0800593c   0x0800593c   0x00000094   Code   RO           14    i.SystemClock_Config  main.o
    0x080059d0   0x080059d0   0x00000010   Code   RO         4281    i.SystemInit        system_stm32f4xx.o
    0x080059e0   0x080059e0   0x000000d0   Code   RO         3039    i.TIM_Base_SetConfig  stm32f4xx_hal_tim.o
    0x08005ab0   0x08005ab0   0x0000001a   Code   RO         3040    i.TIM_CCxChannelCmd  stm32f4xx_hal_tim.o
    0x08005aca   0x08005aca   0x00000014   Code   RO         3050    i.TIM_ETR_SetConfig  stm32f4xx_hal_tim.o
    0x08005ade   0x08005ade   0x00000010   Code   RO         3051    i.TIM_ITRx_SetConfig  stm32f4xx_hal_tim.o
    0x08005aee   0x08005aee   0x00000002   PAD
    0x08005af0   0x08005af0   0x00000060   Code   RO         3052    i.TIM_OC1_SetConfig  stm32f4xx_hal_tim.o
    0x08005b50   0x08005b50   0x0000006c   Code   RO         3053    i.TIM_OC2_SetConfig  stm32f4xx_hal_tim.o
    0x08005bbc   0x08005bbc   0x00000068   Code   RO         3054    i.TIM_OC3_SetConfig  stm32f4xx_hal_tim.o
    0x08005c24   0x08005c24   0x00000050   Code   RO         3055    i.TIM_OC4_SetConfig  stm32f4xx_hal_tim.o
    0x08005c74   0x08005c74   0x00000022   Code   RO         3057    i.TIM_TI1_ConfigInputStage  stm32f4xx_hal_tim.o
    0x08005c96   0x08005c96   0x00000024   Code   RO         3059    i.TIM_TI2_ConfigInputStage  stm32f4xx_hal_tim.o
    0x08005cba   0x08005cba   0x0000000e   Code   RO         3960    i.UART_DMAAbortOnError  stm32f4xx_hal_uart.o
    0x08005cc8   0x08005cc8   0x0000004e   Code   RO         3970    i.UART_EndRxTransfer  stm32f4xx_hal_uart.o
    0x08005d16   0x08005d16   0x000000c2   Code   RO         3972    i.UART_Receive_IT   stm32f4xx_hal_uart.o
    0x08005dd8   0x08005dd8   0x0000010c   Code   RO         3973    i.UART_SetConfig    stm32f4xx_hal_uart.o
    0x08005ee4   0x08005ee4   0x00000072   Code   RO         3976    i.UART_WaitOnFlagUntilTimeout  stm32f4xx_hal_uart.o
    0x08005f56   0x08005f56   0x00000002   PAD
    0x08005f58   0x08005f58   0x0000000c   Code   RO          638    i.USART1_IRQHandler  stm32f4xx_it.o
    0x08005f64   0x08005f64   0x0000000c   Code   RO          639    i.USART3_IRQHandler  stm32f4xx_it.o
    0x08005f70   0x08005f70   0x0000000c   Code   RO          640    i.USART6_IRQHandler  stm32f4xx_it.o
    0x08005f7c   0x08005f7c   0x00000002   Code   RO          641    i.UsageFault_Handler  stm32f4xx_it.o
    0x08005f7e   0x08005f7e   0x00000002   PAD
    0x08005f80   0x08005f80   0x0000001c   Code   RO         7070    i.Volt_Sendware     volt.o
    0x08005f9c   0x08005f9c   0x00000026   Code   RO         7207    i.__ARM_fpclassifyf  m_wm.l(fpclassifyf.o)
    0x08005fc2   0x08005fc2   0x00000020   Code   RO         1777    i.__NVIC_SetPriority  stm32f4xx_hal_cortex.o
    0x08005fe2   0x08005fe2   0x00000002   PAD
    0x08005fe4   0x08005fe4   0x0000012c   Code   RO         7121    i.__hardfp_asinf    m_wm.l(asinf.o)
    0x08006110   0x08006110   0x000002ac   Code   RO         7133    i.__hardfp_atan2f   m_wm.l(atan2f.o)
    0x080063bc   0x080063bc   0x00000150   Code   RO         7145    i.__hardfp_cosf     m_wm.l(cosf.o)
    0x0800650c   0x0800650c   0x00000664   Code   RO         7157    i.__hardfp_powf     m_wm.l(powf.o)
    0x08006b70   0x08006b70   0x00000190   Code   RO         7171    i.__hardfp_sinf     m_wm.l(sinf.o)
    0x08006d00   0x08006d00   0x00000014   Code   RO         7209    i.__mathlib_flt_divzero  m_wm.l(funder.o)
    0x08006d14   0x08006d14   0x00000006   Code   RO         7210    i.__mathlib_flt_infnan  m_wm.l(funder.o)
    0x08006d1a   0x08006d1a   0x00000006   Code   RO         7211    i.__mathlib_flt_infnan2  m_wm.l(funder.o)
    0x08006d20   0x08006d20   0x00000010   Code   RO         7212    i.__mathlib_flt_invalid  m_wm.l(funder.o)
    0x08006d30   0x08006d30   0x00000010   Code   RO         7213    i.__mathlib_flt_overflow  m_wm.l(funder.o)
    0x08006d40   0x08006d40   0x00000010   Code   RO         7215    i.__mathlib_flt_underflow  m_wm.l(funder.o)
    0x08006d50   0x08006d50   0x00000154   Code   RO         7223    i.__mathlib_rredf2  m_wm.l(rredf.o)
    0x08006ea4   0x08006ea4   0x00000128   Code   RO         6144    i.bmi088_accel_init  bmi088driver.o
    0x08006fcc   0x08006fcc   0x000002c0   Code   RO         6145    i.bmi088_accel_self_test  bmi088driver.o
    0x0800728c   0x0800728c   0x000000dc   Code   RO         6146    i.bmi088_gyro_init  bmi088driver.o
    0x08007368   0x08007368   0x000000ca   Code   RO         6147    i.bmi088_gyro_self_test  bmi088driver.o
    0x08007432   0x08007432   0x00000002   PAD
    0x08007434   0x08007434   0x00000028   Code   RO         6557    i.delay_init        bsp_delay.o
    0x0800745c   0x0800745c   0x00000034   Code   RO         6559    i.delay_us          bsp_delay.o
    0x08007490   0x08007490   0x000000a0   Code   RO         6700    i.imu_cali_slove    ins_task.o
    0x08007530   0x08007530   0x00000110   Code   RO         6701    i.imu_cmd_spi_dma   ins_task.o
    0x08007640   0x08007640   0x0000000c   Code   RO         6595    i.imu_pwm_set       bsp_imu_pwm.o
    0x0800764c   0x0800764c   0x0000007c   Code   RO         6702    i.imu_temp_control  ins_task.o
    0x080076c8   0x080076c8   0x0000001c   Code   RO         6400    i.ist8310_IIC_read_muli_reg  ist8310driver_middleware.o
    0x080076e4   0x080076e4   0x00000054   Code   RO         6365    i.ist8310_read_mag  ist8310driver.o
    0x08007738   0x08007738   0x0000006c   Code   RO           15    i.main              main.o
    0x080077a4   0x080077a4   0x0000000c   Code   RO         5319    i.makeFreeRtosPriority  cmsis_os.o
    0x080077b0   0x080077b0   0x0000000e   Code   RO         5321    i.osDelay           cmsis_os.o
    0x080077be   0x080077be   0x0000000a   Code   RO         5324    i.osKernelStart     cmsis_os.o
    0x080077c8   0x080077c8   0x00000054   Code   RO         5358    i.osThreadCreate    cmsis_os.o
    0x0800781c   0x0800781c   0x00000020   Code   RO         4801    i.pcTaskGetName     tasks.o
    0x0800783c   0x0800783c   0x00000078   Code   RO         4802    i.prvAddCurrentTaskToDelayedList  tasks.o
    0x080078b4   0x080078b4   0x000000d0   Code   RO         4803    i.prvAddNewTaskToReadyList  tasks.o
    0x08007984   0x08007984   0x00000058   Code   RO         5161    i.prvCheckForValidListAndQueue  timers.o
    0x080079dc   0x080079dc   0x00000026   Code   RO         4459    i.prvCopyDataFromQueue  queue.o
    0x08007a02   0x08007a02   0x0000006c   Code   RO         4460    i.prvCopyDataToQueue  queue.o
    0x08007a6e   0x08007a6e   0x00000034   Code   RO         4804    i.prvDeleteTCB      tasks.o
    0x08007aa2   0x08007aa2   0x00000002   PAD
    0x08007aa4   0x08007aa4   0x0000004c   Code   RO         5698    i.prvHeapInit       heap_4.o
    0x08007af0   0x08007af0   0x00000060   Code   RO         4805    i.prvIdleTask       tasks.o
    0x08007b50   0x08007b50   0x00000016   Code   RO         4462    i.prvInitialiseNewQueue  queue.o
    0x08007b66   0x08007b66   0x00000002   PAD
    0x08007b68   0x08007b68   0x000000b4   Code   RO         4806    i.prvInitialiseNewTask  tasks.o
    0x08007c1c   0x08007c1c   0x0000004c   Code   RO         5699    i.prvInsertBlockIntoFreeList  heap_4.o
    0x08007c68   0x08007c68   0x00000038   Code   RO         5163    i.prvInsertTimerInActiveList  timers.o
    0x08007ca0   0x08007ca0   0x0000001c   Code   RO         4463    i.prvIsQueueEmpty   queue.o
    0x08007cbc   0x08007cbc   0x000000fc   Code   RO         5164    i.prvProcessReceivedCommands  timers.o
    0x08007db8   0x08007db8   0x000000c0   Code   RO         5165    i.prvProcessTimerOrBlockTask  timers.o
    0x08007e78   0x08007e78   0x00000020   Code   RO         4807    i.prvResetNextTaskUnblockTime  tasks.o
    0x08007e98   0x08007e98   0x00000028   Code   RO         5166    i.prvSampleTimeNow  timers.o
    0x08007ec0   0x08007ec0   0x00000058   Code   RO         4808    i.prvSearchForNameWithinSingleList  tasks.o
    0x08007f18   0x08007f18   0x0000006c   Code   RO         5167    i.prvSwitchTimerLists  timers.o
    0x08007f84   0x08007f84   0x00000028   Code   RO         5754    i.prvTaskExitError  port.o
    0x08007fac   0x08007fac   0x00000024   Code   RO         5168    i.prvTimerTask      timers.o
    0x08007fd0   0x08007fd0   0x0000006a   Code   RO         4464    i.prvUnlockQueue    queue.o
    0x0800803a   0x0800803a   0x00000002   PAD
    0x0800803c   0x0800803c   0x000000dc   Code   RO         5700    i.pvPortMalloc      heap_4.o
    0x08008118   0x08008118   0x0000002c   Code   RO         5755    i.pxPortInitialiseStack  port.o
    0x08008144   0x08008144   0x0000003e   Code   RO         7185    i.sqrtf             m_wm.l(sqrtf.o)
    0x08008182   0x08008182   0x00000002   PAD
    0x08008184   0x08008184   0x00000068   Code   RO         4812    i.ulTaskNotifyTake  tasks.o
    0x080081ec   0x080081ec   0x00000026   Code   RO         4419    i.uxListRemove      list.o
    0x08008212   0x08008212   0x00000002   PAD
    0x08008214   0x08008214   0x00000014   Code   RO          294    i.vApplicationGetIdleTaskMemory  freertos.o
    0x08008228   0x08008228   0x00000018   Code   RO          295    i.vApplicationGetTimerTaskMemory  freertos.o
    0x08008240   0x08008240   0x00000016   Code   RO         4420    i.vListInitialise   list.o
    0x08008256   0x08008256   0x00000006   Code   RO         4421    i.vListInitialiseItem  list.o
    0x0800825c   0x0800825c   0x00000030   Code   RO         4422    i.vListInsert       list.o
    0x0800828c   0x0800828c   0x00000018   Code   RO         4423    i.vListInsertEnd    list.o
    0x080082a4   0x080082a4   0x00000040   Code   RO         5757    i.vPortEnterCritical  port.o
    0x080082e4   0x080082e4   0x00000028   Code   RO         5758    i.vPortExitCritical  port.o
    0x0800830c   0x0800830c   0x00000064   Code   RO         5701    i.vPortFree         heap_4.o
    0x08008370   0x08008370   0x00000024   Code   RO         5759    i.vPortSetupTimerInterrupt  port.o
    0x08008394   0x08008394   0x00000054   Code   RO         5760    i.vPortValidateInterruptPriority  port.o
    0x080083e8   0x080083e8   0x00000028   Code   RO         4468    i.vQueueAddToRegistry  queue.o
    0x08008410   0x08008410   0x00000044   Code   RO         4471    i.vQueueWaitForMessageRestricted  queue.o
    0x08008454   0x08008454   0x0000004c   Code   RO         4820    i.vTaskDelay        tasks.o
    0x080084a0   0x080084a0   0x0000008c   Code   RO         4821    i.vTaskDelayUntil   tasks.o
    0x0800852c   0x0800852c   0x00000010   Code   RO         4824    i.vTaskInternalSetTimeOutState  tasks.o
    0x0800853c   0x0800853c   0x0000000c   Code   RO         4825    i.vTaskMissedYield  tasks.o
    0x08008548   0x08008548   0x000000b4   Code   RO         4826    i.vTaskNotifyGiveFromISR  tasks.o
    0x080085fc   0x080085fc   0x00000030   Code   RO         4827    i.vTaskPlaceOnEventList  tasks.o
    0x0800862c   0x0800862c   0x00000038   Code   RO         4828    i.vTaskPlaceOnEventListRestricted  tasks.o
    0x08008664   0x08008664   0x00000088   Code   RO         4835    i.vTaskStartScheduler  tasks.o
    0x080086ec   0x080086ec   0x00000010   Code   RO         4837    i.vTaskSuspendAll   tasks.o
    0x080086fc   0x080086fc   0x0000005c   Code   RO         4838    i.vTaskSwitchContext  tasks.o
    0x08008758   0x08008758   0x000000f4   Code   RO         5761    i.xPortStartScheduler  port.o
    0x0800884c   0x0800884c   0x0000002c   Code   RO         5762    i.xPortSysTickHandler  port.o
    0x08008878   0x08008878   0x00000066   Code   RO         4475    i.xQueueGenericCreateStatic  queue.o
    0x080088de   0x080088de   0x00000002   PAD
    0x080088e0   0x080088e0   0x00000088   Code   RO         4476    i.xQueueGenericReset  queue.o
    0x08008968   0x08008968   0x00000160   Code   RO         4477    i.xQueueGenericSend  queue.o
    0x08008ac8   0x08008ac8   0x000000be   Code   RO         4478    i.xQueueGenericSendFromISR  queue.o
    0x08008b86   0x08008b86   0x00000002   PAD
    0x08008b88   0x08008b88   0x00000138   Code   RO         4486    i.xQueueReceive     queue.o
    0x08008cc0   0x08008cc0   0x00000088   Code   RO         4841    i.xTaskCheckForTimeOut  tasks.o
    0x08008d48   0x08008d48   0x0000005a   Code   RO         4842    i.xTaskCreate       tasks.o
    0x08008da2   0x08008da2   0x00000056   Code   RO         4843    i.xTaskCreateStatic  tasks.o
    0x08008df8   0x08008df8   0x00000084   Code   RO         4847    i.xTaskGetHandle    tasks.o
    0x08008e7c   0x08008e7c   0x0000001c   Code   RO         4848    i.xTaskGetSchedulerState  tasks.o
    0x08008e98   0x08008e98   0x0000000c   Code   RO         4849    i.xTaskGetTickCount  tasks.o
    0x08008ea4   0x08008ea4   0x000000cc   Code   RO         4851    i.xTaskIncrementTick  tasks.o
    0x08008f70   0x08008f70   0x00000098   Code   RO         4854    i.xTaskPriorityDisinherit  tasks.o
    0x08009008   0x08009008   0x00000074   Code   RO         4856    i.xTaskRemoveFromEventList  tasks.o
    0x0800907c   0x0800907c   0x000000c4   Code   RO         4857    i.xTaskResumeAll    tasks.o
    0x08009140   0x08009140   0x00000060   Code   RO         5175    i.xTimerCreateTimerTask  timers.o
    0x080091a0   0x080091a0   0x00000068   Code   RO         5176    i.xTimerGenericCommand  timers.o
    0x08009208   0x08009208   0x0000000a   Code   RO         7333    x$fpl$fpinit        fz_wm.l(fpinit.o)
    0x08009212   0x08009212   0x00000000   Code   RO         7206    x$fpl$usenofp       fz_wm.l(usenofp.o)
    0x08009212   0x08009212   0x00000002   PAD
    0x08009214   0x08009214   0x00000038   Data   RO          297    .constdata          freertos.o
    0x0800924c   0x0800924c   0x00000008   Data   RO         1491    .constdata          stm32f4xx_hal_dma.o
    0x08009254   0x08009254   0x00000010   Data   RO         4282    .constdata          system_stm32f4xx.o
    0x08009264   0x08009264   0x00000008   Data   RO         4283    .constdata          system_stm32f4xx.o
    0x0800926c   0x0800926c   0x00000012   Data   RO         6152    .constdata          bmi088driver.o
    0x0800927e   0x0800927e   0x00000002   PAD
    0x08009280   0x08009280   0x00000010   Data   RO         6712    .constdata          ins_task.o
    0x08009290   0x08009290   0x00000028   Data   RO         6850    .constdata          fusionahrs.o
    0x080092b8   0x080092b8   0x00000140   Data   RO         7160    .constdata          m_wm.l(powf.o)
    0x080093f8   0x080093f8   0x00000020   Data   RO         7224    .constdata          m_wm.l(rredf.o)
    0x08009418   0x08009418   0x00000014   Data   RO          298    .conststring        freertos.o
    0x0800942c   0x0800942c   0x00000020   Data   RO         7391    Region$$Table       anon$$obj.o


    Execution Region RW_IRAM1 (Exec base: 0x20000000, Load base: 0x0800944c, Size: 0x00007640, Max: 0x0001c000, ABSOLUTE, COMPRESSED[0x00000078])

    Exec Addr    Load Addr    Size         Type   Attr      Idx    E Section Name        Object

    0x20000000   COMPRESSED   0x00000008   Data   RW          299    .data               freertos.o
    0x20000008   COMPRESSED   0x0000000c   Data   RW         1936    .data               stm32f4xx_hal.o
    0x20000014   COMPRESSED   0x00000004   Data   RW         4284    .data               system_stm32f4xx.o
    0x20000018   COMPRESSED   0x0000003c   Data   RW         4860    .data               tasks.o
    0x20000054   COMPRESSED   0x00000014   Data   RW         5184    .data               timers.o
    0x20000068   COMPRESSED   0x00000020   Data   RW         5707    .data               heap_4.o
    0x20000088   COMPRESSED   0x0000000c   Data   RW         5763    .data               port.o
    0x20000094   COMPRESSED   0x0000002c   Data   RW         6153    .data               bmi088driver.o
    0x200000c0   COMPRESSED   0x00000008   Data   RW         6560    .data               bsp_delay.o
    0x200000c8   COMPRESSED   0x00000098   Data   RW         6714    .data               ins_task.o
    0x20000160        -       0x000006a8   Zero   RW          296    .bss                freertos.o
    0x20000808        -       0x00000050   Zero   RW          356    .bss                can.o
    0x20000858        -       0x00000054   Zero   RW          428    .bss                i2c.o
    0x200008ac        -       0x00000118   Zero   RW          470    .bss                spi.o
    0x200009c4        -       0x000000d8   Zero   RW          515    .bss                tim.o
    0x20000a9c        -       0x00000198   Zero   RW          574    .bss                usart.o
    0x20000c34        -       0x00000040   Zero   RW         4489    .bss                queue.o
    0x20000c74        -       0x000000f0   Zero   RW         4859    .bss                tasks.o
    0x20000d64        -       0x00000110   Zero   RW         5183    .bss                timers.o
    0x20000e74        -       0x00006000   Zero   RW         5706    .bss                heap_4.o
    0x20006e74        -       0x000000e8   Zero   RW         6703    .bss                ins_task.o
    0x20006f5c        -       0x00000074   Zero   RW         6711    .bss                ins_task.o
    0x20006fd0        -       0x00000010   Zero   RW         7071    .bss                volt.o
    0x20006fe0        -       0x00000060   Zero   RW         7249    .bss                c_w.l(libspace.o)
    0x20007040        -       0x00000200   Zero   RW            2    HEAP                startup_stm32f407xx.o
    0x20007240        -       0x00000400   Zero   RW            1    STACK               startup_stm32f407xx.o


    Execution Region RW_IRAM2 (Exec base: 0x2001c000, Load base: 0x080094c4, Size: 0x00000000, Max: 0x00004000, ABSOLUTE)

    **** No section assigned to this execution region ****


==============================================================================

Image component sizes


      Code (inc. data)   RO Data    RW Data    ZI Data      Debug   Object Name

      2166         34         18         44          0      10567   bmi088driver.o
       108         28          0          0          0       4500   bmi088middleware.o
        92         18          0          8          0       1316   bsp_delay.o
        12          4          0          0          0        490   bsp_imu_pwm.o
      4964         74          0          0          0       2398   bsp_spi.o
         0          0          0          0         80        274   can.o
       120          0          0          0          0      23181   cmsis_os.o
       108          4          0          0          0        854   dma.o
         0          0          0          0          0      19700   event_groups.o
       112         18         76          8       1704       3357   freertos.o
      2132         42         40          0          0      20638   fusionahrs.o
       404         26          0          0          0       1211   gpio.o
       472         24          0         32      24576       4923   heap_4.o
       200         32          0          0         84       1757   i2c.o
      2372        190         16        152        348      21920   ins_task.o
        84          4          0          0          0       1535   ist8310driver.o
        28          6          0          0          0       1136   ist8310driver_middleware.o
       138          0          0          0          0       3602   list.o
       260         20          0          0          0     750648   main.o
       388          8          0          0          0     591094   pid_dji.o
       786         82          0         12          0      11961   port.o
      1502         20          0          0         64      17440   queue.o
       324         34          0          0        280       1947   spi.o
        64         26        392          0       1536        852   startup_stm32f407xx.o
       144         24          0         12          0       8837   stm32f4xx_hal.o
       534          0          0          0          0       9404   stm32f4xx_hal_can.o
       198         14          0          0          0      33875   stm32f4xx_hal_cortex.o
       934         16          8          0          0       5679   stm32f4xx_hal_dma.o
       530         52          0          0          0       2851   stm32f4xx_hal_gpio.o
      1736         36          0          0          0      10162   stm32f4xx_hal_i2c.o
        56          4          0          0          0        886   stm32f4xx_hal_msp.o
      1348         76          0          0          0       5308   stm32f4xx_hal_rcc.o
       980         16          0          0          0       4949   stm32f4xx_hal_spi.o
      1654        138          0          0          0      13933   stm32f4xx_hal_tim.o
       228         28          0          0          0       2220   stm32f4xx_hal_tim_ex.o
      1576         14          0          0          0      10656   stm32f4xx_hal_uart.o
       156         48          0          0          0       9151   stm32f4xx_it.o
         0          0          0          0          0        400   stream_buffer.o
        16          4         24          4          0       1151   system_stm32f4xx.o
      2836        196          0         60        240      33263   tasks.o
       728         74          0          0        216       4080   tim.o
       972         80          0         20        272      29967   timers.o
       500         54          0          0        408       2310   usart.o
        28          8          0          0         16       1123   volt.o

    ----------------------------------------------------------------------
     32038       1576        608        352      29824    1687506   Object Totals
         0          0         32          0          0          0   (incl. Generated)
        48          0          2          0          0          0   (incl. Padding)

    ----------------------------------------------------------------------

      Code (inc. data)   RO Data    RW Data    ZI Data      Debug   Library Member Name

        90          0          0          0          0          0   __dczerorl2.o
         8          0          0          0          0         68   __main.o
         0          0          0          0          0          0   __rtentry.o
        12          0          0          0          0          0   __rtentry2.o
         6          0          0          0          0          0   __rtentry4.o
        52          8          0          0          0          0   __scatter.o
        28          0          0          0          0          0   __scatter_zi.o
        22          0          0          0          0        100   _rserrno.o
        16          0          0          0          0         68   aeabi_memset.o
        18          0          0          0          0         80   exit.o
         6          0          0          0          0        152   heapauxi.o
         0          0          0          0          0          0   indicate_semi.o
         2          0          0          0          0          0   libinit.o
         6          0          0          0          0          0   libinit2.o
         2          0          0          0          0          0   libshutdown.o
         2          0          0          0          0          0   libshutdown2.o
         8          4          0          0         96         68   libspace.o
       238          0          0          0          0        100   lludivv7m.o
         8          4          0          0          0         68   rt_errno_addr_intlibspace.o
        68          0          0          0          0         68   rt_memclr.o
        78          0          0          0          0         80   rt_memclr_w.o
       138          0          0          0          0         68   rt_memcpy_v6.o
       100          0          0          0          0         80   rt_memcpy_w.o
         2          0          0          0          0          0   rtexit.o
        10          0          0          0          0          0   rtexit2.o
        62          0          0          0          0         76   strlen.o
        12          4          0          0          0         68   sys_exit.o
        74          0          0          0          0         80   sys_stackheap_outer.o
         2          0          0          0          0         68   use_no_semi.o
        10          0          0          0          0        116   fpinit.o
         0          0          0          0          0          0   usenofp.o
       300         42          0          0          0        176   asinf.o
       684         90          0          0          0        208   atan2f.o
       336         56          0          0          0        136   cosf.o
        38          0          0          0          0        116   fpclassifyf.o
        80         24          0          0          0        696   funder.o
      1636        110        320          0          0        372   powf.o
       340         24         32          0          0        160   rredf.o
       400         56          0          0          0        212   sinf.o
        62          0          0          0          0        136   sqrtf.o

    ----------------------------------------------------------------------
      4966        422        352          0         96       3620   Library Totals
        10          0          0          0          0          0   (incl. Padding)

    ----------------------------------------------------------------------

      Code (inc. data)   RO Data    RW Data    ZI Data      Debug   Library Name

      1070         20          0          0         96       1292   c_w.l
        10          0          0          0          0        116   fz_wm.l
      3876        402        352          0          0       2212   m_wm.l

    ----------------------------------------------------------------------
      4966        422        352          0         96       3620   Library Totals

    ----------------------------------------------------------------------

==============================================================================


      Code (inc. data)   RO Data    RW Data    ZI Data      Debug   

     37004       1998        960        352      29920    1665102   Grand Totals
     37004       1998        960        120      29920    1665102   ELF Image Totals (compressed)
     37004       1998        960        120          0          0   ROM Totals

==============================================================================

    Total RO  Size (Code + RO Data)                37964 (  37.07kB)
    Total RW  Size (RW Data + ZI Data)             30272 (  29.56kB)
    Total ROM Size (Code + RO Data + RW Data)      38084 (  37.19kB)

==============================================================================

